14:55:13 **** Clean-only build of configuration Debug for project test ****
make clean 
rm -rf  ./src/helloworld.o ./src/option.o ./src/platform.o ./src/underlying.o ./src/xopencl_montecarlo_activity_thread.o ./src/xopencl_montecarlo_activity_thread_linux.o  ./helloworld.o ./option.o ./underlying.o ./xopencl_montecarlo_activity_thread.o ./xopencl_montecarlo_activity_thread_linux.o  ./src/helloworld.d ./src/option.d ./src/platform.d ./src/underlying.d ./src/xopencl_montecarlo_activity_thread.d ./src/xopencl_montecarlo_activity_thread_linux.d  ./helloworld.d ./option.d ./underlying.d ./xopencl_montecarlo_activity_thread.d ./xopencl_montecarlo_activity_thread_linux.d  test.elf.size  test.elf
 
14:55:13 **** Clean-only build of project test_bsp ****
make -k clean 
rm -rf ps7_cortexa9_0
14:55:13 **** Build of project test_bsp ****
make -k all 
libgen -hw ../hw_platform_0/system.xml\
	       \
	       -pe ps7_cortexa9_0 \
	       -log libgen.log \
	       system.mss
libgen
Xilinx EDK 2013.2 Build EDK_P.68d
Copyright (c) 1995-2012 Xilinx, Inc.  All rights reserved.

Command Line: libgen -hw ../hw_platform_0/system.xml -pe ps7_cortexa9_0 -log
libgen.log system.mss 


Staging source files.
Running DRCs.
Running generate.
Running post_generate.
Running include - 'gmake -s include "COMPILER=arm-xilinx-eabi-gcc"
"ARCHIVER=arm-xilinx-eabi-ar" "COMPILER_FLAGS= -O2 -c"
"EXTRA_COMPILER_FLAGS=-g"'.

Running libs - 'gmake -s libs "COMPILER=arm-xilinx-eabi-gcc"
"ARCHIVER=arm-xilinx-eabi-ar" "COMPILER_FLAGS= -O2 -c"
"EXTRA_COMPILER_FLAGS=-g"'.
Compiling xadc
arm-xilinx-eabi-ar: creating ../../../lib/libxil.a
Compiling standalone
Compiling canps
Compiling devcfg
Compiling dmaps
Compiling emacps
Compiling gpiops
Compiling iicps
Compiling qspips
Compiling scugic
Compiling scutimer
Compiling scuwdt
Compiling ttcps
Compiling uartps
Compiling usbps
Compiling cpu_cortexa9
Running execs_generate.
Finished building libraries
14:55:25 **** Build of configuration Debug for project test ****
make all 
Building file: ../src/helloworld.c
Invoking: ARM gcc compiler
arm-xilinx-eabi-gcc -Wall -O0 -g3 -c -fmessage-length=0 -I../../test_bsp/ps7_cortexa9_0/include -MMD -MP -MF"src/helloworld.d" -MT"src/helloworld.d" -o "src/helloworld.o" "../src/helloworld.c"
../src/helloworld.c: In function 'main':
../src/helloworld.c:63:5: warning: format '%d' expects argument of type 'int', but argument 2 has type 'u32' [-Wformat]
../src/helloworld.c:63:5: warning: format '%d' expects argument of type 'int', but argument 2 has type 'u32' [-Wformat]
../src/helloworld.c:104:6: warning: implicit declaration of function 'malloc' [-Wimplicit-function-declaration]
../src/helloworld.c:104:39: warning: incompatible implicit declaration of built-in function 'malloc' [enabled by default]
../src/helloworld.c:87:11: warning: unused variable 'discount_0_0' [-Wunused-variable]
Finished building: ../src/helloworld.c
 
Building file: ../src/option.c
Invoking: ARM gcc compiler
arm-xilinx-eabi-gcc -Wall -O0 -g3 -c -fmessage-length=0 -I../../test_bsp/ps7_cortexa9_0/include -MMD -MP -MF"src/option.d" -MT"src/option.d" -o "src/option.o" "../src/option.c"
Finished building: ../src/option.c
 
Building file: ../src/platform.c
Invoking: ARM gcc compiler
arm-xilinx-eabi-gcc -Wall -O0 -g3 -c -fmessage-length=0 -I../../test_bsp/ps7_cortexa9_0/include -MMD -MP -MF"src/platform.d" -MT"src/platform.d" -o "src/platform.o" "../src/platform.c"
Finished building: ../src/platform.c
 
Building file: ../src/underlying.c
Invoking: ARM gcc compiler
arm-xilinx-eabi-gcc -Wall -O0 -g3 -c -fmessage-length=0 -I../../test_bsp/ps7_cortexa9_0/include -MMD -MP -MF"src/underlying.d" -MT"src/underlying.d" -o "src/underlying.o" "../src/underlying.c"
Finished building: ../src/underlying.c
 
Building file: ../src/xopencl_montecarlo_activity_thread.c
Invoking: ARM gcc compiler
arm-xilinx-eabi-gcc -Wall -O0 -g3 -c -fmessage-length=0 -I../../test_bsp/ps7_cortexa9_0/include -MMD -MP -MF"src/xopencl_montecarlo_activity_thread.d" -MT"src/xopencl_montecarlo_activity_thread.d" -o "src/xopencl_montecarlo_activity_thread.o" "../src/xopencl_montecarlo_activity_thread.c"
Finished building: ../src/xopencl_montecarlo_activity_thread.c
 
Building file: ../src/xopencl_montecarlo_activity_thread_linux.c
Invoking: ARM gcc compiler
arm-xilinx-eabi-gcc -Wall -O0 -g3 -c -fmessage-length=0 -I../../test_bsp/ps7_cortexa9_0/include -MMD -MP -MF"src/xopencl_montecarlo_activity_thread_linux.d" -MT"src/xopencl_montecarlo_activity_thread_linux.d" -o "src/xopencl_montecarlo_activity_thread_linux.o" "../src/xopencl_montecarlo_activity_thread_linux.c"
make: *** No rule to make target `helloworld.o', needed by `test.elf'. Stop.
Finished building: ../src/xopencl_montecarlo_activity_thread_linux.c
 
14:56:55 **** Build of project testing_the_system_bsp ****
make -k all 
libgen -hw ../hw_platform_0/system.xml\
	       \
	       -pe ps7_cortexa9_0 \
	       -log libgen.log \
	       system.mss
libgen
Xilinx EDK 2013.2 Build EDK_P.68d
Copyright (c) 1995-2012 Xilinx, Inc.  All rights reserved.

Command Line: libgen -hw ../hw_platform_0/system.xml -pe ps7_cortexa9_0 -log
libgen.log system.mss 


Staging source files.
Running DRCs.
Running generate.
Running post_generate.
Running include - 'gmake -s include "COMPILER=arm-xilinx-eabi-gcc"
"ARCHIVER=arm-xilinx-eabi-ar" "COMPILER_FLAGS= -O2 -c"
"EXTRA_COMPILER_FLAGS=-g"'.

Running libs - 'gmake -s libs "COMPILER=arm-xilinx-eabi-gcc"
"ARCHIVER=arm-xilinx-eabi-ar" "COMPILER_FLAGS= -O2 -c"
"EXTRA_COMPILER_FLAGS=-g"'.
Compiling xadc
arm-xilinx-eabi-ar: creating ../../../lib/libxil.a
Compiling standalone
Compiling canps
Compiling devcfg
Compiling dmaps
Compiling emacps
Compiling gpiops
Compiling iicps
Compiling qspips
Compiling scugic
Compiling scutimer
Compiling scuwdt
Compiling ttcps
Compiling uartps
Compiling usbps
Compiling cpu_cortexa9
Running execs_generate.
Finished building libraries
14:57:08 **** Build of configuration Debug for project testing_the_system ****
make all 
Building file: ../src/helloworld.c
Invoking: ARM gcc compiler
arm-xilinx-eabi-gcc -Wall -O0 -g3 -c -fmessage-length=0 -I../../testing_the_system_bsp/ps7_cortexa9_0/include -MMD -MP -MF"src/helloworld.d" -MT"src/helloworld.d" -o "src/helloworld.o" "../src/helloworld.c"
../src/helloworld.c:36:48: fatal error: xopencl_montecarlo_activity_thread.h: No such file or directory
compilation terminated.
make: *** [src/helloworld.o] Error 1
14:57:25 **** Auto Build of configuration Debug for project testing_the_system ****
make all 
Building file: ../src/helloworld.c
Invoking: ARM gcc compiler
arm-xilinx-eabi-gcc -Wall -O0 -g3 -c -fmessage-length=0 -I../../testing_the_system_bsp/ps7_cortexa9_0/include -MMD -MP -MF"src/helloworld.d" -MT"src/helloworld.d" -o "src/helloworld.o" "../src/helloworld.c"
../src/helloworld.c: In function 'main':
../src/helloworld.c:63:5: warning: format '%d' expects argument of type 'int', but argument 2 has type 'u32' [-Wformat]
../src/helloworld.c:63:5: warning: format '%d' expects argument of type 'int', but argument 2 has type 'u32' [-Wformat]
../src/helloworld.c:104:6: warning: implicit declaration of function 'malloc' [-Wimplicit-function-declaration]
../src/helloworld.c:104:39: warning: incompatible implicit declaration of built-in function 'malloc' [enabled by default]
../src/helloworld.c:87:11: warning: unused variable 'discount_0_0' [-Wunused-variable]
Finished building: ../src/helloworld.c
 
Building file: ../src/option.c
Invoking: ARM gcc compiler
arm-xilinx-eabi-gcc -Wall -O0 -g3 -c -fmessage-length=0 -I../../testing_the_system_bsp/ps7_cortexa9_0/include -MMD -MP -MF"src/option.d" -MT"src/option.d" -o "src/option.o" "../src/option.c"
Finished building: ../src/option.c
 
Building file: ../src/platform.c
Invoking: ARM gcc compiler
arm-xilinx-eabi-gcc -Wall -O0 -g3 -c -fmessage-length=0 -I../../testing_the_system_bsp/ps7_cortexa9_0/include -MMD -MP -MF"src/platform.d" -MT"src/platform.d" -o "src/platform.o" "../src/platform.c"
Finished building: ../src/platform.c
 
Building file: ../src/underlying.c
Invoking: ARM gcc compiler
arm-xilinx-eabi-gcc -Wall -O0 -g3 -c -fmessage-length=0 -I../../testing_the_system_bsp/ps7_cortexa9_0/include -MMD -MP -MF"src/underlying.d" -MT"src/underlying.d" -o "src/underlying.o" "../src/underlying.c"
Finished building: ../src/underlying.c
 
Building file: ../src/xopencl_montecarlo_activity_thread.c
Invoking: ARM gcc compiler
arm-xilinx-eabi-gcc -Wall -O0 -g3 -c -fmessage-length=0 -I../../testing_the_system_bsp/ps7_cortexa9_0/include -MMD -MP -MF"src/xopencl_montecarlo_activity_thread.d" -MT"src/xopencl_montecarlo_activity_thread.d" -o "src/xopencl_montecarlo_activity_thread.o" "../src/xopencl_montecarlo_activity_thread.c"
Finished building: ../src/xopencl_montecarlo_activity_thread.c
 
Building file: ../src/xopencl_montecarlo_activity_thread_linux.c
Invoking: ARM gcc compiler
arm-xilinx-eabi-gcc -Wall -O0 -g3 -c -fmessage-length=0 -I../../testing_the_system_bsp/ps7_cortexa9_0/include -MMD -MP -MF"src/xopencl_montecarlo_activity_thread_linux.d" -MT"src/xopencl_montecarlo_activity_thread_linux.d" -o "src/xopencl_montecarlo_activity_thread_linux.o" "../src/xopencl_montecarlo_activity_thread_linux.c"
Finished building: ../src/xopencl_montecarlo_activity_thread_linux.c
 
Building target: testing_the_system.elf
Invoking: ARM gcc linker
arm-xilinx-eabi-gcc -Wl,-T -Wl,../src/lscript.ld -L../../testing_the_system_bsp/ps7_cortexa9_0/lib -o "testing_the_system.elf"  ./src/helloworld.o ./src/option.o ./src/platform.o ./src/underlying.o ./src/xopencl_montecarlo_activity_thread.o ./src/xopencl_montecarlo_activity_thread_linux.o   -Wl,--start-group,-lxil,-lgcc,-lc,--end-group
./src/helloworld.o: In function `main':
/home/sf306/phd_codebase/FPL2014/F3_VivadoHLS/ipi_prj/ipi_prj.sdk/SDK/SDK_Export/testing_the_system/Debug/../src/helloworld.c:87: undefined reference to `exp'
collect2: error: ld returned 1 exit status
make: *** [testing_the_system.elf] Error 1
14:57:58 **** Clean-only build of configuration Debug for project testing_the_system ****
make clean 
rm -rf  ./src/helloworld.o ./src/option.o ./src/platform.o ./src/underlying.o ./src/xopencl_montecarlo_activity_thread.o ./src/xopencl_montecarlo_activity_thread_linux.o  ./src/helloworld.d ./src/option.d ./src/platform.d ./src/underlying.d ./src/xopencl_montecarlo_activity_thread.d ./src/xopencl_montecarlo_activity_thread_linux.d  testing_the_system.elf.size  testing_the_system.elf
 
14:57:59 **** Auto Build of configuration Debug for project testing_the_system ****
make all 
Building file: ../src/helloworld.c
Invoking: ARM gcc compiler
arm-xilinx-eabi-gcc -Wall -O0 -g3 -c -fmessage-length=0 -I../../testing_the_system_bsp/ps7_cortexa9_0/include -MMD -MP -MF"src/helloworld.d" -MT"src/helloworld.d" -o "src/helloworld.o" "../src/helloworld.c"
../src/helloworld.c: In function 'main':
../src/helloworld.c:63:5: warning: format '%d' expects argument of type 'int', but argument 2 has type 'u32' [-Wformat]
../src/helloworld.c:63:5: warning: format '%d' expects argument of type 'int', but argument 2 has type 'u32' [-Wformat]
../src/helloworld.c:104:6: warning: implicit declaration of function 'malloc' [-Wimplicit-function-declaration]
../src/helloworld.c:104:39: warning: incompatible implicit declaration of built-in function 'malloc' [enabled by default]
../src/helloworld.c:87:11: warning: unused variable 'discount_0_0' [-Wunused-variable]
Finished building: ../src/helloworld.c
 
Building file: ../src/option.c
Invoking: ARM gcc compiler
arm-xilinx-eabi-gcc -Wall -O0 -g3 -c -fmessage-length=0 -I../../testing_the_system_bsp/ps7_cortexa9_0/include -MMD -MP -MF"src/option.d" -MT"src/option.d" -o "src/option.o" "../src/option.c"
Finished building: ../src/option.c
 
Building file: ../src/platform.c
Invoking: ARM gcc compiler
arm-xilinx-eabi-gcc -Wall -O0 -g3 -c -fmessage-length=0 -I../../testing_the_system_bsp/ps7_cortexa9_0/include -MMD -MP -MF"src/platform.d" -MT"src/platform.d" -o "src/platform.o" "../src/platform.c"
Finished building: ../src/platform.c
 
Building file: ../src/underlying.c
Invoking: ARM gcc compiler
arm-xilinx-eabi-gcc -Wall -O0 -g3 -c -fmessage-length=0 -I../../testing_the_system_bsp/ps7_cortexa9_0/include -MMD -MP -MF"src/underlying.d" -MT"src/underlying.d" -o "src/underlying.o" "../src/underlying.c"
Finished building: ../src/underlying.c
 
Building file: ../src/xopencl_montecarlo_activity_thread.c
Invoking: ARM gcc compiler
arm-xilinx-eabi-gcc -Wall -O0 -g3 -c -fmessage-length=0 -I../../testing_the_system_bsp/ps7_cortexa9_0/include -MMD -MP -MF"src/xopencl_montecarlo_activity_thread.d" -MT"src/xopencl_montecarlo_activity_thread.d" -o "src/xopencl_montecarlo_activity_thread.o" "../src/xopencl_montecarlo_activity_thread.c"
Finished building: ../src/xopencl_montecarlo_activity_thread.c
 
Building file: ../src/xopencl_montecarlo_activity_thread_linux.c
Invoking: ARM gcc compiler
arm-xilinx-eabi-gcc -Wall -O0 -g3 -c -fmessage-length=0 -I../../testing_the_system_bsp/ps7_cortexa9_0/include -MMD -MP -MF"src/xopencl_montecarlo_activity_thread_linux.d" -MT"src/xopencl_montecarlo_activity_thread_linux.d" -o "src/xopencl_montecarlo_activity_thread_linux.o" "../src/xopencl_montecarlo_activity_thread_linux.c"
Finished building: ../src/xopencl_montecarlo_activity_thread_linux.c
 
Building target: testing_the_system.elf
Invoking: ARM gcc linker
arm-xilinx-eabi-gcc -Wl,-T -Wl,../src/lscript.ld -L../../testing_the_system_bsp/ps7_cortexa9_0/lib -o "testing_the_system.elf"  ./src/helloworld.o ./src/option.o ./src/platform.o ./src/underlying.o ./src/xopencl_montecarlo_activity_thread.o ./src/xopencl_montecarlo_activity_thread_linux.o   -lm -Wl,--start-group,-lxil,-lgcc,-lc,--end-group
Finished building target: testing_the_system.elf
 
Invoking: ARM Print Size
arm-xilinx-eabi-size testing_the_system.elf  |tee "testing_the_system.elf.size"
   text	   data	    bss	    dec	    hex	filename
  72236	   2272	  29868	 104376	  197b8	testing_the_system.elf
Finished building: testing_the_system.elf.size
 
14:58:10 **** Incremental Build of configuration Debug for project testing_the_system ****
make all 
make: Nothing to be done for `all'.
15:12:12 **** Auto Build of project testing_the_system_bsp ****
make -k all 
Finished building libraries
15:12:24 **** Incremental Build of configuration Debug for project testing_the_system ****
make all 
make: Nothing to be done for `all'.
