14:52:39 **** Incremental Build of configuration Debug for project vivado_activity_thread_test ****
make all 
Building target: vivado_activity_thread_test.elf
Invoking: ARM gcc linker
arm-xilinx-eabi-gcc -Wl,-T -Wl,../src/lscript.ld -L../../vivado_activity_thread_test_bsp/ps7_cortexa9_0/lib -o "vivado_activity_thread_test.elf"  ./src/gauss.o ./src/helloworld.o ./src/platform.o ./src/xvivado_activity_thread.o ./src/xvivado_activity_thread_linux.o   -Wl,--start-group,-lxil,-lgcc,-lc,--end-group
./src/helloworld.o: In function `vivado_activity_thread_hw':
/home/sf306/phd_codebase/FPL2014/FFF/ForwardFinancialFramework/Platforms/VivadoFPGA/vivadohls_code/ipi_prj/ipi_prj.sdk/SDK/SDK_Export/vivado_activity_thread_test/Debug/../src/vivado_core.h:109: undefined reference to `XVivado_activity_thread_GetThread_result_sqrd_0'
collect2: error: ld returned 1 exit status
make: *** [vivado_activity_thread_test.elf] Error 1
11:28:56 **** Build of project vivado_activity_thread_test_bsp ****
make -k all 
Finished building libraries
11:28:58 **** Build of configuration Debug for project vivado_activity_thread_test ****
make all 
Building target: vivado_activity_thread_test.elf
Invoking: ARM gcc linker
arm-xilinx-eabi-gcc -Wl,-T -Wl,../src/lscript.ld -L../../vivado_activity_thread_test_bsp/ps7_cortexa9_0/lib -o "vivado_activity_thread_test.elf"  ./src/gauss.o ./src/helloworld.o ./src/platform.o ./src/xvivado_activity_thread.o ./src/xvivado_activity_thread_linux.o   -Wl,--start-group,-lxil,-lgcc,-lc,--end-group
./src/helloworld.o: In function `vivado_activity_thread_hw':
/home/sf306/phd_codebase/FPL2014/FFF/ForwardFinancialFramework/Platforms/VivadoFPGA/vivadohls_code/ipi_prj/ipi_prj.sdk/SDK/SDK_Export/vivado_activity_thread_test/Debug/../src/vivado_core.h:109: undefined reference to `XVivado_activity_thread_GetThread_result_sqrd_0'
collect2: error: ld returned 1 exit status
make: *** [vivado_activity_thread_test.elf] Error 1
11:29:01 **** Auto Build of project vivado_activity_thread_test_bsp ****
make -k all 
libgen -hw ../hw_platform_0/system.xml\
	       \
	       -pe ps7_cortexa9_0 \
	       -log libgen.log \
	       system.mss
libgen
Xilinx EDK 2013.2 Build EDK_P.68d
Copyright (c) 1995-2012 Xilinx, Inc.  All rights reserved.

Command Line: libgen -hw ../hw_platform_0/system.xml -pe ps7_cortexa9_0 -log
libgen.log system.mss 


Staging source files.
Running DRCs.
Running generate.
Running post_generate.
Running include - 'gmake -s include "COMPILER=arm-xilinx-eabi-gcc"
"ARCHIVER=arm-xilinx-eabi-ar" "COMPILER_FLAGS= -O2 -c"
"EXTRA_COMPILER_FLAGS=-g"'.

Running libs - 'gmake -s libs "COMPILER=arm-xilinx-eabi-gcc"
"ARCHIVER=arm-xilinx-eabi-ar" "COMPILER_FLAGS= -O2 -c"
"EXTRA_COMPILER_FLAGS=-g"'.
Compiling xadc
arm-xilinx-eabi-ar: creating ../../../lib/libxil.a
Compiling standalone
Compiling devcfg
Compiling dmaps
Compiling emacps
Compiling gpiops
Compiling iicps
Compiling qspips
Compiling scugic
Compiling scutimer
Compiling scuwdt
Compiling ttcps
Compiling uartps
Compiling usbps
Compiling cpu_cortexa9
Running execs_generate.
Finished building libraries
11:29:13 **** Auto Build of configuration Debug for project vivado_activity_thread_test ****
make all 
Building target: vivado_activity_thread_test.elf
Invoking: ARM gcc linker
arm-xilinx-eabi-gcc -Wl,-T -Wl,../src/lscript.ld -L../../vivado_activity_thread_test_bsp/ps7_cortexa9_0/lib -o "vivado_activity_thread_test.elf"  ./src/gauss.o ./src/helloworld.o ./src/platform.o ./src/xvivado_activity_thread.o ./src/xvivado_activity_thread_linux.o   -Wl,--start-group,-lxil,-lgcc,-lc,--end-group
./src/helloworld.o: In function `vivado_activity_thread_hw':
/home/sf306/phd_codebase/FPL2014/FFF/ForwardFinancialFramework/Platforms/VivadoFPGA/vivadohls_code/ipi_prj/ipi_prj.sdk/SDK/SDK_Export/vivado_activity_thread_test/Debug/../src/vivado_core.h:109: undefined reference to `XVivado_activity_thread_GetThread_result_sqrd_0'
collect2: error: ld returned 1 exit status
make: *** [vivado_activity_thread_test.elf] Error 1
11:29:16 **** Clean-only build of project vivado_activity_thread_test_bsp ****
make -k clean 
rm -rf ps7_cortexa9_0
11:29:16 **** Clean-only build of configuration Debug for project vivado_activity_thread_test ****
make clean 
rm -rf  ./src/gauss.o ./src/helloworld.o ./src/platform.o ./src/xvivado_activity_thread.o ./src/xvivado_activity_thread_linux.o  ./src/gauss.d ./src/helloworld.d ./src/platform.d ./src/xvivado_activity_thread.d ./src/xvivado_activity_thread_linux.d  vivado_activity_thread_test.elf.size  vivado_activity_thread_test.elf
 
11:29:16 **** Build of project vivado_activity_thread_test_bsp ****
make -k all 
libgen -hw ../hw_platform_0/system.xml\
	       \
	       -pe ps7_cortexa9_0 \
	       -log libgen.log \
	       system.mss
libgen
Xilinx EDK 2013.2 Build EDK_P.68d
Copyright (c) 1995-2012 Xilinx, Inc.  All rights reserved.

Command Line: libgen -hw ../hw_platform_0/system.xml -pe ps7_cortexa9_0 -log
libgen.log system.mss 


Staging source files.
Running DRCs.
Running generate.
Running post_generate.
Running include - 'gmake -s include "COMPILER=arm-xilinx-eabi-gcc"
"ARCHIVER=arm-xilinx-eabi-ar" "COMPILER_FLAGS= -O2 -c"
"EXTRA_COMPILER_FLAGS=-g"'.

Running libs - 'gmake -s libs "COMPILER=arm-xilinx-eabi-gcc"
"ARCHIVER=arm-xilinx-eabi-ar" "COMPILER_FLAGS= -O2 -c"
"EXTRA_COMPILER_FLAGS=-g"'.
Compiling xadc
arm-xilinx-eabi-ar: creating ../../../lib/libxil.a
Compiling standalone
Compiling devcfg
Compiling dmaps
Compiling emacps
Compiling gpiops
Compiling iicps
Compiling qspips
Compiling scugic
Compiling scutimer
Compiling scuwdt
Compiling ttcps
Compiling uartps
Compiling usbps
Compiling cpu_cortexa9
Running execs_generate.
Finished building libraries
11:29:28 **** Build of configuration Debug for project vivado_activity_thread_test ****
make all 
Building file: ../src/gauss.c
Invoking: ARM gcc compiler
arm-xilinx-eabi-gcc -Wall -O0 -g3 -c -fmessage-length=0 -I../../vivado_activity_thread_test_bsp/ps7_cortexa9_0/include -MMD -MP -MF"src/gauss.d" -MT"src/gauss.d" -o "src/gauss.o" "../src/gauss.c"
Finished building: ../src/gauss.c
 
Building file: ../src/helloworld.c
Invoking: ARM gcc compiler
arm-xilinx-eabi-gcc -Wall -O0 -g3 -c -fmessage-length=0 -I../../vivado_activity_thread_test_bsp/ps7_cortexa9_0/include -MMD -MP -MF"src/helloworld.d" -MT"src/helloworld.d" -o "src/helloworld.o" "../src/helloworld.c"
Finished building: ../src/helloworld.c
 
Building file: ../src/platform.c
Invoking: ARM gcc compiler
arm-xilinx-eabi-gcc -Wall -O0 -g3 -c -fmessage-length=0 -I../../vivado_activity_thread_test_bsp/ps7_cortexa9_0/include -MMD -MP -MF"src/platform.d" -MT"src/platform.d" -o "src/platform.o" "../src/platform.c"
Finished building: ../src/platform.c
 
Building file: ../src/xvivado_activity_thread.c
Invoking: ARM gcc compiler
arm-xilinx-eabi-gcc -Wall -O0 -g3 -c -fmessage-length=0 -I../../vivado_activity_thread_test_bsp/ps7_cortexa9_0/include -MMD -MP -MF"src/xvivado_activity_thread.d" -MT"src/xvivado_activity_thread.d" -o "src/xvivado_activity_thread.o" "../src/xvivado_activity_thread.c"
Finished building: ../src/xvivado_activity_thread.c
 
Building file: ../src/xvivado_activity_thread_linux.c
Invoking: ARM gcc compiler
arm-xilinx-eabi-gcc -Wall -O0 -g3 -c -fmessage-length=0 -I../../vivado_activity_thread_test_bsp/ps7_cortexa9_0/include -MMD -MP -MF"src/xvivado_activity_thread_linux.d" -MT"src/xvivado_activity_thread_linux.d" -o "src/xvivado_activity_thread_linux.o" "../src/xvivado_activity_thread_linux.c"
Finished building: ../src/xvivado_activity_thread_linux.c
 
Building target: vivado_activity_thread_test.elf
Invoking: ARM gcc linker
arm-xilinx-eabi-gcc -Wl,-T -Wl,../src/lscript.ld -L../../vivado_activity_thread_test_bsp/ps7_cortexa9_0/lib -o "vivado_activity_thread_test.elf"  ./src/gauss.o ./src/helloworld.o ./src/platform.o ./src/xvivado_activity_thread.o ./src/xvivado_activity_thread_linux.o   -Wl,--start-group,-lxil,-lgcc,-lc,--end-group
Finished building target: vivado_activity_thread_test.elf
 
Invoking: ARM Print Size
arm-xilinx-eabi-size vivado_activity_thread_test.elf  |tee "vivado_activity_thread_test.elf.size"
   text	   data	    bss	    dec	    hex	filename
  37024	   1096	  29796	  67916	  1094c	vivado_activity_thread_test.elf
Finished building: vivado_activity_thread_test.elf.size
 
11:31:53 **** Auto Build of configuration Debug for project vivado_activity_thread_test ****
make all 
Building file: ../src/helloworld.c
Invoking: ARM gcc compiler
arm-xilinx-eabi-gcc -Wall -O0 -g3 -c -fmessage-length=0 -I../../vivado_activity_thread_test_bsp/ps7_cortexa9_0/include -MMD -MP -MF"src/helloworld.d" -MT"src/helloworld.d" -o "src/helloworld.o" "../src/helloworld.c"
Finished building: ../src/helloworld.c
 
Building target: vivado_activity_thread_test.elf
Invoking: ARM gcc linker
arm-xilinx-eabi-gcc -Wl,-T -Wl,../src/lscript.ld -L../../vivado_activity_thread_test_bsp/ps7_cortexa9_0/lib -o "vivado_activity_thread_test.elf"  ./src/gauss.o ./src/helloworld.o ./src/platform.o ./src/xvivado_activity_thread.o ./src/xvivado_activity_thread_linux.o   -Wl,--start-group,-lxil,-lgcc,-lc,--end-group
Finished building target: vivado_activity_thread_test.elf
 
Invoking: ARM Print Size
arm-xilinx-eabi-size vivado_activity_thread_test.elf  |tee "vivado_activity_thread_test.elf.size"
   text	   data	    bss	    dec	    hex	filename
  36848	   1096	  29796	  67740	  1089c	vivado_activity_thread_test.elf
Finished building: vivado_activity_thread_test.elf.size
 
11:37:11 **** Auto Build of configuration Debug for project vivado_activity_thread_test ****
make all 
Building file: ../src/helloworld.c
Invoking: ARM gcc compiler
arm-xilinx-eabi-gcc -Wall -O0 -g3 -c -fmessage-length=0 -I../../vivado_activity_thread_test_bsp/ps7_cortexa9_0/include -MMD -MP -MF"src/helloworld.d" -MT"src/helloworld.d" -o "src/helloworld.o" "../src/helloworld.c"
../src/helloworld.c: In function 'multicore_montecarlo_activity_thread':
../src/helloworld.c:42:68: error: dereferencing pointer to incomplete type
../src/helloworld.c:43:64: error: dereferencing pointer to incomplete type
../src/helloworld.c:44:6: error: unknown type name 'underlying_attributes'
../src/helloworld.c:45:6: error: unknown type name 'underlying_variables'
../src/helloworld.c:46:6: error: unknown type name 'option_attributes'
../src/helloworld.c:47:6: error: unknown type name 'option_variables'
../src/helloworld.c:50:6: warning: implicit declaration of function 'underlying_underlying_init' [-Wimplicit-function-declaration]
../src/helloworld.c:50:33: error: 'underlying_0_rfir' undeclared (first use in this function)
../src/helloworld.c:50:33: note: each undeclared identifier is reported only once for each function it appears in
../src/helloworld.c:50:51: error: 'underlying_0_current_price' undeclared (first use in this function)
../src/helloworld.c:51:6: warning: implicit declaration of function 'option_derivative_init' [-Wimplicit-function-declaration]
../src/helloworld.c:51:29: error: 'option_0_time_period' undeclared (first use in this function)
../src/helloworld.c:51:50: error: 'option_0_call' undeclared (first use in this function)
../src/helloworld.c:51:64: error: 'option_0_strike_price' undeclared (first use in this function)
../src/helloworld.c:52:11: error: request for member 'delta_time' in something not a structure or union
../src/helloworld.c:52:30: error: request for member 'time_period' in something not a structure or union
../src/helloworld.c:52:43: error: 'default_points' undeclared (first use in this function)
../src/helloworld.c:57:31: error: request for member 'rfir' in something not a structure or union
../src/helloworld.c:58:40: error: request for member 'current_price' in something not a structure or union
../src/helloworld.c:59:38: error: request for member 'time_period' in something not a structure or union
../src/helloworld.c:60:31: error: request for member 'call' in something not a structure or union
../src/helloworld.c:61:39: error: request for member 'strike_price' in something not a structure or union
../src/helloworld.c:64:41: error: 'PATHS' undeclared (first use in this function)
../src/helloworld.c:69:10: error: 'i' undeclared (first use in this function)
../src/helloworld.c:72:14: error: 'j' undeclared (first use in this function)
../src/helloworld.c:79:40: error: dereferencing pointer to incomplete type
../src/helloworld.c:80:40: error: dereferencing pointer to incomplete type
../src/helloworld.c:68:18: warning: unused variable 'seed_0' [-Wunused-variable]
../src/helloworld.c:67:11: warning: unused variable 'kernel_value_0' [-Wunused-variable]
../src/helloworld.c:56:37: warning: variable 'kernel_o_a_0' set but not used [-Wunused-but-set-variable]
../src/helloworld.c:55:37: warning: variable 'kernel_u_a_0' set but not used [-Wunused-but-set-variable]
../src/helloworld.c:47:23: warning: variable 'o_v_0' set but not used [-Wunused-but-set-variable]
../src/helloworld.c:45:27: warning: unused variable 'u_v_0' [-Wunused-variable]
../src/helloworld.c:43:19: warning: unused variable 'rng_seed' [-Wunused-variable]
../src/helloworld.c:81:2: warning: control reaches end of non-void function [-Wreturn-type]
make: *** [src/helloworld.o] Error 1
11:46:54 **** Auto Build of configuration Debug for project vivado_activity_thread_test ****
make all 
Building file: ../src/helloworld.c
Invoking: ARM gcc compiler
arm-xilinx-eabi-gcc -Wall -O0 -g3 -c -fmessage-length=0 -I../../vivado_activity_thread_test_bsp/ps7_cortexa9_0/include -MMD -MP -MF"src/helloworld.d" -MT"src/helloworld.d" -o "src/helloworld.o" "../src/helloworld.c"
../src/helloworld.c: In function 'multicore_montecarlo_activity_thread':
../src/helloworld.c:42:68: error: dereferencing pointer to incomplete type
../src/helloworld.c:43:64: error: dereferencing pointer to incomplete type
../src/helloworld.c:44:6: error: unknown type name 'underlying_attributes'
../src/helloworld.c:45:6: error: unknown type name 'underlying_variables'
../src/helloworld.c:46:6: error: unknown type name 'option_attributes'
../src/helloworld.c:47:6: error: unknown type name 'option_variables'
../src/helloworld.c:50:6: warning: implicit declaration of function 'underlying_underlying_init' [-Wimplicit-function-declaration]
../src/helloworld.c:50:33: error: 'underlying_0_rfir' undeclared (first use in this function)
../src/helloworld.c:50:33: note: each undeclared identifier is reported only once for each function it appears in
../src/helloworld.c:50:51: error: 'underlying_0_current_price' undeclared (first use in this function)
../src/helloworld.c:51:6: warning: implicit declaration of function 'option_derivative_init' [-Wimplicit-function-declaration]
../src/helloworld.c:51:29: error: 'option_0_time_period' undeclared (first use in this function)
../src/helloworld.c:51:50: error: 'option_0_call' undeclared (first use in this function)
../src/helloworld.c:51:64: error: 'option_0_strike_price' undeclared (first use in this function)
../src/helloworld.c:52:11: error: request for member 'delta_time' in something not a structure or union
../src/helloworld.c:52:30: error: request for member 'time_period' in something not a structure or union
../src/helloworld.c:52:43: error: 'default_points' undeclared (first use in this function)
../src/helloworld.c:57:31: error: request for member 'rfir' in something not a structure or union
../src/helloworld.c:58:40: error: request for member 'current_price' in something not a structure or union
../src/helloworld.c:59:38: error: request for member 'time_period' in something not a structure or union
../src/helloworld.c:60:31: error: request for member 'call' in something not a structure or union
../src/helloworld.c:61:39: error: request for member 'strike_price' in something not a structure or union
../src/helloworld.c:64:41: error: 'PATHS' undeclared (first use in this function)
../src/helloworld.c:69:10: error: 'i' undeclared (first use in this function)
../src/helloworld.c:72:14: error: 'j' undeclared (first use in this function)
../src/helloworld.c:79:40: error: dereferencing pointer to incomplete type
../src/helloworld.c:80:40: error: dereferencing pointer to incomplete type
../src/helloworld.c:68:18: warning: unused variable 'seed_0' [-Wunused-variable]
../src/helloworld.c:67:11: warning: unused variable 'kernel_value_0' [-Wunused-variable]
../src/helloworld.c:56:37: warning: variable 'kernel_o_a_0' set but not used [-Wunused-but-set-variable]
../src/helloworld.c:55:37: warning: variable 'kernel_u_a_0' set but not used [-Wunused-but-set-variable]
../src/helloworld.c:47:23: warning: variable 'o_v_0' set but not used [-Wunused-but-set-variable]
../src/helloworld.c:45:27: warning: unused variable 'u_v_0' [-Wunused-variable]
../src/helloworld.c:43:19: warning: unused variable 'rng_seed' [-Wunused-variable]
../src/helloworld.c:81:2: warning: control reaches end of non-void function [-Wreturn-type]
make: *** [src/helloworld.o] Error 1
11:47:09 **** Auto Build of configuration Debug for project vivado_activity_thread_test ****
make all 
Building file: ../src/helloworld.c
Invoking: ARM gcc compiler
arm-xilinx-eabi-gcc -Wall -O0 -g3 -c -fmessage-length=0 -I../../vivado_activity_thread_test_bsp/ps7_cortexa9_0/include -MMD -MP -MF"src/helloworld.d" -MT"src/helloworld.d" -o "src/helloworld.o" "../src/helloworld.c"
../src/helloworld.c: In function 'multicore_montecarlo_activity_thread':
../src/helloworld.c:42:68: error: dereferencing pointer to incomplete type
../src/helloworld.c:43:64: error: dereferencing pointer to incomplete type
../src/helloworld.c:44:6: error: unknown type name 'underlying_attributes'
../src/helloworld.c:45:6: error: unknown type name 'underlying_variables'
../src/helloworld.c:46:6: error: unknown type name 'option_attributes'
../src/helloworld.c:47:6: error: unknown type name 'option_variables'
../src/helloworld.c:50:6: warning: implicit declaration of function 'underlying_underlying_init' [-Wimplicit-function-declaration]
../src/helloworld.c:50:33: error: 'underlying_0_rfir' undeclared (first use in this function)
../src/helloworld.c:50:33: note: each undeclared identifier is reported only once for each function it appears in
../src/helloworld.c:50:51: error: 'underlying_0_current_price' undeclared (first use in this function)
../src/helloworld.c:51:6: warning: implicit declaration of function 'option_derivative_init' [-Wimplicit-function-declaration]
../src/helloworld.c:51:29: error: 'option_0_time_period' undeclared (first use in this function)
../src/helloworld.c:51:50: error: 'option_0_call' undeclared (first use in this function)
../src/helloworld.c:51:64: error: 'option_0_strike_price' undeclared (first use in this function)
../src/helloworld.c:52:11: error: request for member 'delta_time' in something not a structure or union
../src/helloworld.c:52:30: error: request for member 'time_period' in something not a structure or union
../src/helloworld.c:52:43: error: 'default_points' undeclared (first use in this function)
../src/helloworld.c:57:31: error: request for member 'rfir' in something not a structure or union
../src/helloworld.c:58:40: error: request for member 'current_price' in something not a structure or union
../src/helloworld.c:59:38: error: request for member 'time_period' in something not a structure or union
../src/helloworld.c:60:31: error: request for member 'call' in something not a structure or union
../src/helloworld.c:61:39: error: request for member 'strike_price' in something not a structure or union
../src/helloworld.c:64:41: error: 'PATHS' undeclared (first use in this function)
../src/helloworld.c:69:10: error: 'i' undeclared (first use in this function)
../src/helloworld.c:72:14: error: 'j' undeclared (first use in this function)
../src/helloworld.c:79:40: error: dereferencing pointer to incomplete type
../src/helloworld.c:80:40: error: dereferencing pointer to incomplete type
../src/helloworld.c:68:18: warning: unused variable 'seed_0' [-Wunused-variable]
../src/helloworld.c:67:11: warning: unused variable 'kernel_value_0' [-Wunused-variable]
../src/helloworld.c:56:37: warning: variable 'kernel_o_a_0' set but not used [-Wunused-but-set-variable]
../src/helloworld.c:55:37: warning: variable 'kernel_u_a_0' set but not used [-Wunused-but-set-variable]
../src/helloworld.c:47:23: warning: variable 'o_v_0' set but not used [-Wunused-but-set-variable]
../src/helloworld.c:45:27: warning: unused variable 'u_v_0' [-Wunused-variable]
../src/helloworld.c:43:19: warning: unused variable 'rng_seed' [-Wunused-variable]
../src/helloworld.c:81:2: warning: control reaches end of non-void function [-Wreturn-type]
make: *** [src/helloworld.o] Error 1
11:49:19 **** Auto Build of configuration Debug for project vivado_activity_thread_test ****
make all 
Building file: ../src/helloworld.c
Invoking: ARM gcc compiler
arm-xilinx-eabi-gcc -Wall -O0 -g3 -c -fmessage-length=0 -I../../vivado_activity_thread_test_bsp/ps7_cortexa9_0/include -MMD -MP -MF"src/helloworld.d" -MT"src/helloworld.d" -o "src/helloworld.o" "../src/helloworld.c"
../src/helloworld.c: In function 'multicore_montecarlo_activity_thread':
../src/helloworld.c:45:68: error: dereferencing pointer to incomplete type
../src/helloworld.c:46:64: error: dereferencing pointer to incomplete type
../src/helloworld.c:53:33: error: 'underlying_0_rfir' undeclared (first use in this function)
../src/helloworld.c:53:33: note: each undeclared identifier is reported only once for each function it appears in
../src/helloworld.c:53:51: error: 'underlying_0_current_price' undeclared (first use in this function)
../src/helloworld.c:54:29: error: 'option_0_time_period' undeclared (first use in this function)
../src/helloworld.c:54:50: error: 'option_0_call' undeclared (first use in this function)
../src/helloworld.c:54:64: error: 'option_0_strike_price' undeclared (first use in this function)
../src/helloworld.c:55:43: error: 'default_points' undeclared (first use in this function)
../src/helloworld.c:67:41: error: 'PATHS' undeclared (first use in this function)
../src/helloworld.c:72:10: error: 'i' undeclared (first use in this function)
../src/helloworld.c:75:14: error: 'j' undeclared (first use in this function)
../src/helloworld.c:82:40: error: dereferencing pointer to incomplete type
../src/helloworld.c:83:40: error: dereferencing pointer to incomplete type
../src/helloworld.c:71:18: warning: unused variable 'seed_0' [-Wunused-variable]
../src/helloworld.c:70:11: warning: unused variable 'kernel_value_0' [-Wunused-variable]
../src/helloworld.c:59:37: warning: variable 'kernel_o_a_0' set but not used [-Wunused-but-set-variable]
../src/helloworld.c:58:37: warning: variable 'kernel_u_a_0' set but not used [-Wunused-but-set-variable]
../src/helloworld.c:50:23: warning: variable 'o_v_0' set but not used [-Wunused-but-set-variable]
../src/helloworld.c:48:27: warning: unused variable 'u_v_0' [-Wunused-variable]
../src/helloworld.c:46:19: warning: unused variable 'rng_seed' [-Wunused-variable]
../src/helloworld.c:84:2: warning: control reaches end of non-void function [-Wreturn-type]
make: *** [src/helloworld.o] Error 1
11:50:35 **** Auto Build of configuration Debug for project vivado_activity_thread_test ****
make all 
Building file: ../src/helloworld.c
Invoking: ARM gcc compiler
arm-xilinx-eabi-gcc -Wall -O0 -g3 -c -fmessage-length=0 -I../../vivado_activity_thread_test_bsp/ps7_cortexa9_0/include -MMD -MP -MF"src/helloworld.d" -MT"src/helloworld.d" -o "src/helloworld.o" "../src/helloworld.c"
../src/helloworld.c: In function 'multicore_montecarlo_activity_thread':
../src/helloworld.c:49:68: error: dereferencing pointer to incomplete type
../src/helloworld.c:50:64: error: dereferencing pointer to incomplete type
../src/helloworld.c:57:33: error: 'underlying_0_rfir' undeclared (first use in this function)
../src/helloworld.c:57:33: note: each undeclared identifier is reported only once for each function it appears in
../src/helloworld.c:57:51: error: 'underlying_0_current_price' undeclared (first use in this function)
../src/helloworld.c:58:29: error: 'option_0_time_period' undeclared (first use in this function)
../src/helloworld.c:58:50: error: 'option_0_call' undeclared (first use in this function)
../src/helloworld.c:58:64: error: 'option_0_strike_price' undeclared (first use in this function)
../src/helloworld.c:59:43: error: 'default_points' undeclared (first use in this function)
../src/helloworld.c:76:10: error: 'i' undeclared (first use in this function)
../src/helloworld.c:79:14: error: 'j' undeclared (first use in this function)
../src/helloworld.c:86:40: error: dereferencing pointer to incomplete type
../src/helloworld.c:87:40: error: dereferencing pointer to incomplete type
../src/helloworld.c:75:18: warning: unused variable 'seed_0' [-Wunused-variable]
../src/helloworld.c:74:11: warning: variable 'kernel_value_0' set but not used [-Wunused-but-set-variable]
../src/helloworld.c:63:37: warning: variable 'kernel_o_a_0' set but not used [-Wunused-but-set-variable]
../src/helloworld.c:62:37: warning: variable 'kernel_u_a_0' set but not used [-Wunused-but-set-variable]
../src/helloworld.c:54:23: warning: variable 'o_v_0' set but not used [-Wunused-but-set-variable]
../src/helloworld.c:52:27: warning: unused variable 'u_v_0' [-Wunused-variable]
../src/helloworld.c:50:19: warning: unused variable 'rng_seed' [-Wunused-variable]
../src/helloworld.c:88:2: warning: control reaches end of non-void function [-Wreturn-type]
make: *** [src/helloworld.o] Error 1
11:53:05 **** Clean-only build of configuration Debug for project vivado_activity_thread_test ****
make clean 
rm -rf  ./src/gauss.o ./src/helloworld.o ./src/option.o ./src/platform.o ./src/underlying.o ./src/xvivado_activity_thread.o ./src/xvivado_activity_thread_linux.o  ./src/gauss.d ./src/helloworld.d ./src/option.d ./src/platform.d ./src/underlying.d ./src/xvivado_activity_thread.d ./src/xvivado_activity_thread_linux.d  vivado_activity_thread_test.elf.size  vivado_activity_thread_test.elf
 
11:53:05 **** Auto Build of configuration Debug for project vivado_activity_thread_test ****
make all 
Building file: ../src/helloworld.c
Invoking: ARM gcc compiler
arm-xilinx-eabi-gcc -Wall -O0 -g3 -c -fmessage-length=0 -I../../vivado_activity_thread_test_bsp/ps7_cortexa9_0/include -MMD -MP -MF"src/helloworld.d" -MT"src/helloworld.d" -o "src/helloworld.o" "../src/helloworld.c"
In file included from ../src/helloworld.c:38:0:
../src/vivado_core.h:7:20: fatal error: gauss.h: No such file or directory
compilation terminated.
make: *** [src/helloworld.o] Error 1
11:53:49 **** Auto Build of configuration Debug for project vivado_activity_thread_test ****
make all 
Building file: ../src/helloworld.c
Invoking: ARM gcc compiler
arm-xilinx-eabi-gcc -Wall -O0 -g3 -c -fmessage-length=0 -I../../vivado_activity_thread_test_bsp/ps7_cortexa9_0/include -MMD -MP -MF"src/helloworld.d" -MT"src/helloworld.d" -o "src/helloworld.o" "../src/helloworld.c"
In file included from ../src/helloworld.c:38:0:
../src/vivado_core.h:7:20: fatal error: gauss.h: No such file or directory
compilation terminated.
make: *** [src/helloworld.o] Error 1
11:54:38 **** Auto Build of configuration Debug for project vivado_activity_thread_test ****
make all 
Building file: ../src/helloworld.c
Invoking: ARM gcc compiler
arm-xilinx-eabi-gcc -Wall -O0 -g3 -c -fmessage-length=0 -I../../vivado_activity_thread_test_bsp/ps7_cortexa9_0/include -MMD -MP -MF"src/helloworld.d" -MT"src/helloworld.d" -o "src/helloworld.o" "../src/helloworld.c"
In file included from ../src/helloworld.c:38:0:
../src/vivado_core.h:12:5: error: unknown type name 'FP_t'
../src/vivado_core.h:13:5: error: unknown type name 'FP_t'
../src/vivado_core.h:14:5: error: unknown type name 'FP_t'
../src/vivado_core.h:15:5: error: unknown type name 'FP_t'
../src/vivado_core.h:16:5: error: unknown type name 'FP_t'
../src/vivado_core.h:17:5: error: unknown type name 'FP_t'
../src/vivado_core.h:18:5: error: unknown type name 'FP_t'
../src/vivado_core.h:19:5: error: unknown type name 'FP_t'
../src/vivado_core.h:20:5: error: unknown type name 'FP_t'
../src/vivado_core.h:21:5: error: unknown type name 'FP_t'
../src/vivado_core.h:22:5: error: unknown type name 'FP_t'
../src/vivado_core.h:23:5: error: unknown type name 'FP_t'
../src/vivado_core.h:27:5: error: unknown type name 'FP_t'
../src/vivado_core.h:28:5: error: unknown type name 'FP_t'
../src/vivado_core.h:29:5: error: unknown type name 'FP_t'
../src/vivado_core.h:30:5: error: unknown type name 'FP_t'
../src/vivado_core.h:31:5: error: unknown type name 'FP_t'
../src/vivado_core.h:32:5: error: unknown type name 'FP_t'
../src/vivado_core.h:33:5: error: unknown type name 'FP_t'
../src/vivado_core.h:34:5: error: unknown type name 'FP_t'
../src/helloworld.c:42:122: error: unknown type name 'rng_state_t'
../src/helloworld.c:55:122: error: unknown type name 'rng_state_t'
make: *** [src/helloworld.o] Error 1
11:55:00 **** Auto Build of configuration Debug for project vivado_activity_thread_test ****
make all 
Building file: ../src/asian_option.c
Invoking: ARM gcc compiler
arm-xilinx-eabi-gcc -Wall -O0 -g3 -c -fmessage-length=0 -I../../vivado_activity_thread_test_bsp/ps7_cortexa9_0/include -MMD -MP -MF"src/asian_option.d" -MT"src/asian_option.d" -o "src/asian_option.o" "../src/asian_option.c"
In file included from ../src/european_option.h:10:0,
                 from ../src/asian_option.h:9,
                 from ../src/asian_option.c:7:
../src/option.h:15:2: error: unknown type name 'FP_t'
../src/option.h:16:2: error: unknown type name 'FP_t'
../src/option.h:20:2: error: unknown type name 'FP_t'
../src/option.h:21:2: error: unknown type name 'FP_t'
../src/option.h:22:2: error: unknown type name 'FP_t'
../src/option.h:26:29: error: unknown type name 'FP_t'
../src/option.h:26:36: error: unknown type name 'FP_t'
../src/option.h:26:43: error: unknown type name 'FP_t'
../src/option.h:28:29: error: unknown type name 'FP_t'
../src/option.h:28:40: error: unknown type name 'FP_t'
../src/option.h:29:31: error: unknown type name 'FP_t'
In file included from ../src/asian_option.h:9:0,
                 from ../src/asian_option.c:7:
../src/european_option.h:13:2: error: unknown type name 'FP_t'
../src/european_option.h:14:2: error: unknown type name 'FP_t'
../src/european_option.h:19:2: error: unknown type name 'FP_t'
../src/european_option.h:20:2: error: unknown type name 'FP_t'
../src/european_option.h:21:2: error: unknown type name 'FP_t'
../src/european_option.h:26:38: error: unknown type name 'FP_t'
../src/european_option.h:26:45: error: unknown type name 'FP_t'
../src/european_option.h:26:52: error: unknown type name 'FP_t'
../src/european_option.h:28:38: error: unknown type name 'FP_t'
../src/european_option.h:28:49: error: unknown type name 'FP_t'
../src/european_option.h:29:40: error: unknown type name 'FP_t'
In file included from ../src/asian_option.c:7:0:
../src/asian_option.h:12:9: error: unknown type name 'FP_t'
../src/asian_option.h:14:9: error: unknown type name 'FP_t'
../src/asian_option.h:15:2: error: unknown type name 'FP_t'
../src/asian_option.h:20:9: error: unknown type name 'FP_t'
../src/asian_option.h:21:2: error: unknown type name 'FP_t'
../src/asian_option.h:22:2: error: unknown type name 'FP_t'
../src/asian_option.h:23:2: error: unknown type name 'FP_t'
../src/asian_option.h:27:35: error: unknown type name 'FP_t'
../src/asian_option.h:27:42: error: unknown type name 'FP_t'
../src/asian_option.h:27:49: error: unknown type name 'FP_t'
../src/asian_option.h:27:56: error: unknown type name 'FP_t'
../src/asian_option.h:29:35: error: unknown type name 'FP_t'
../src/asian_option.h:29:46: error: unknown type name 'FP_t'
../src/asian_option.h:30:37: error: unknown type name 'FP_t'
../src/asian_option.c:9:35: error: unknown type name 'FP_t'
../src/asian_option.c:9:42: error: unknown type name 'FP_t'
../src/asian_option.c:9:49: error: unknown type name 'FP_t'
../src/asian_option.c:9:56: error: unknown type name 'FP_t'
../src/asian_option.c:28:35: error: unknown type name 'FP_t'
../src/asian_option.c:28:46: error: unknown type name 'FP_t'
../src/asian_option.c:35:37: error: unknown type name 'FP_t'
make: *** [src/asian_option.o] Error 1
11:56:28 **** Auto Build of configuration Debug for project vivado_activity_thread_test ****
make all 
Building file: ../src/asian_option.c
Invoking: ARM gcc compiler
arm-xilinx-eabi-gcc -Wall -O0 -g3 -c -fmessage-length=0 -I../../vivado_activity_thread_test_bsp/ps7_cortexa9_0/include -MMD -MP -MF"src/asian_option.d" -MT"src/asian_option.d" -o "src/asian_option.o" "../src/asian_option.c"
In file included from ../src/european_option.h:10:0,
                 from ../src/asian_option.h:9,
                 from ../src/asian_option.c:7:
../src/option.h:15:2: error: unknown type name 'FP_t'
../src/option.h:16:2: error: unknown type name 'FP_t'
../src/option.h:20:2: error: unknown type name 'FP_t'
../src/option.h:21:2: error: unknown type name 'FP_t'
../src/option.h:22:2: error: unknown type name 'FP_t'
../src/option.h:26:29: error: unknown type name 'FP_t'
../src/option.h:26:36: error: unknown type name 'FP_t'
../src/option.h:26:43: error: unknown type name 'FP_t'
../src/option.h:28:29: error: unknown type name 'FP_t'
../src/option.h:28:40: error: unknown type name 'FP_t'
../src/option.h:29:31: error: unknown type name 'FP_t'
In file included from ../src/asian_option.h:9:0,
                 from ../src/asian_option.c:7:
../src/european_option.h:13:2: error: unknown type name 'FP_t'
../src/european_option.h:14:2: error: unknown type name 'FP_t'
../src/european_option.h:19:2: error: unknown type name 'FP_t'
../src/european_option.h:20:2: error: unknown type name 'FP_t'
../src/european_option.h:21:2: error: unknown type name 'FP_t'
../src/european_option.h:26:38: error: unknown type name 'FP_t'
../src/european_option.h:26:45: error: unknown type name 'FP_t'
../src/european_option.h:26:52: error: unknown type name 'FP_t'
../src/european_option.h:28:38: error: unknown type name 'FP_t'
../src/european_option.h:28:49: error: unknown type name 'FP_t'
../src/european_option.h:29:40: error: unknown type name 'FP_t'
In file included from ../src/asian_option.c:7:0:
../src/asian_option.h:12:9: error: unknown type name 'FP_t'
../src/asian_option.h:14:9: error: unknown type name 'FP_t'
../src/asian_option.h:15:2: error: unknown type name 'FP_t'
../src/asian_option.h:20:9: error: unknown type name 'FP_t'
../src/asian_option.h:21:2: error: unknown type name 'FP_t'
../src/asian_option.h:22:2: error: unknown type name 'FP_t'
../src/asian_option.h:23:2: error: unknown type name 'FP_t'
../src/asian_option.h:27:35: error: unknown type name 'FP_t'
../src/asian_option.h:27:42: error: unknown type name 'FP_t'
../src/asian_option.h:27:49: error: unknown type name 'FP_t'
../src/asian_option.h:27:56: error: unknown type name 'FP_t'
../src/asian_option.h:29:35: error: unknown type name 'FP_t'
../src/asian_option.h:29:46: error: unknown type name 'FP_t'
../src/asian_option.h:30:37: error: unknown type name 'FP_t'
../src/asian_option.c:9:35: error: unknown type name 'FP_t'
../src/asian_option.c:9:42: error: unknown type name 'FP_t'
../src/asian_option.c:9:49: error: unknown type name 'FP_t'
../src/asian_option.c:9:56: error: unknown type name 'FP_t'
../src/asian_option.c:28:35: error: unknown type name 'FP_t'
../src/asian_option.c:28:46: error: unknown type name 'FP_t'
../src/asian_option.c:35:37: error: unknown type name 'FP_t'
make: *** [src/asian_option.o] Error 1
11:57:00 **** Clean-only build of configuration Debug for project vivado_activity_thread_test ****
make clean 
rm -rf  ./src/asian_option.o ./src/barrier_option.o ./src/black_scholes_underlying.o ./src/digital_double_barrier_option.o ./src/double_barrier_option.o ./src/european_option.o ./src/gauss.o ./src/helloworld.o ./src/heston_underlying.o ./src/mc_solver_ref.o ./src/option.o ./src/platform.o ./src/shane_messing.o ./src/underlying.o ./src/vivado_core.o ./src/xvivado_activity_thread.o ./src/xvivado_activity_thread_linux.o  ./src/asian_option.d ./src/barrier_option.d ./src/black_scholes_underlying.d ./src/digital_double_barrier_option.d ./src/double_barrier_option.d ./src/european_option.d ./src/gauss.d ./src/helloworld.d ./src/heston_underlying.d ./src/mc_solver_ref.d ./src/option.d ./src/platform.d ./src/shane_messing.d ./src/underlying.d ./src/vivado_core.d ./src/xvivado_activity_thread.d ./src/xvivado_activity_thread_linux.d  vivado_activity_thread_test.elf.size  vivado_activity_thread_test.elf
 
11:57:00 **** Auto Build of configuration Debug for project vivado_activity_thread_test ****
make all 
Building file: ../src/asian_option.c
Invoking: ARM gcc compiler
arm-xilinx-eabi-gcc -Wall -O0 -g3 -c -fmessage-length=0 -I../../vivado_activity_thread_test_bsp/ps7_cortexa9_0/include -MMD -MP -MF"src/asian_option.d" -MT"src/asian_option.d" -o "src/asian_option.o" "../src/asian_option.c"
In file included from ../src/european_option.h:10:0,
                 from ../src/asian_option.h:9,
                 from ../src/asian_option.c:7:
../src/option.h:15:2: error: unknown type name 'FP_t'
../src/option.h:16:2: error: unknown type name 'FP_t'
../src/option.h:20:2: error: unknown type name 'FP_t'
../src/option.h:21:2: error: unknown type name 'FP_t'
../src/option.h:22:2: error: unknown type name 'FP_t'
../src/option.h:26:29: error: unknown type name 'FP_t'
../src/option.h:26:36: error: unknown type name 'FP_t'
../src/option.h:26:43: error: unknown type name 'FP_t'
../src/option.h:28:29: error: unknown type name 'FP_t'
../src/option.h:28:40: error: unknown type name 'FP_t'
../src/option.h:29:31: error: unknown type name 'FP_t'
In file included from ../src/asian_option.h:9:0,
                 from ../src/asian_option.c:7:
../src/european_option.h:13:2: error: unknown type name 'FP_t'
../src/european_option.h:14:2: error: unknown type name 'FP_t'
../src/european_option.h:19:2: error: unknown type name 'FP_t'
../src/european_option.h:20:2: error: unknown type name 'FP_t'
../src/european_option.h:21:2: error: unknown type name 'FP_t'
../src/european_option.h:26:38: error: unknown type name 'FP_t'
../src/european_option.h:26:45: error: unknown type name 'FP_t'
../src/european_option.h:26:52: error: unknown type name 'FP_t'
../src/european_option.h:28:38: error: unknown type name 'FP_t'
../src/european_option.h:28:49: error: unknown type name 'FP_t'
../src/european_option.h:29:40: error: unknown type name 'FP_t'
In file included from ../src/asian_option.c:7:0:
../src/asian_option.h:12:9: error: unknown type name 'FP_t'
../src/asian_option.h:14:9: error: unknown type name 'FP_t'
../src/asian_option.h:15:2: error: unknown type name 'FP_t'
../src/asian_option.h:20:9: error: unknown type name 'FP_t'
../src/asian_option.h:21:2: error: unknown type name 'FP_t'
../src/asian_option.h:22:2: error: unknown type name 'FP_t'
../src/asian_option.h:23:2: error: unknown type name 'FP_t'
../src/asian_option.h:27:35: error: unknown type name 'FP_t'
../src/asian_option.h:27:42: error: unknown type name 'FP_t'
../src/asian_option.h:27:49: error: unknown type name 'FP_t'
../src/asian_option.h:27:56: error: unknown type name 'FP_t'
../src/asian_option.h:29:35: error: unknown type name 'FP_t'
../src/asian_option.h:29:46: error: unknown type name 'FP_t'
../src/asian_option.h:30:37: error: unknown type name 'FP_t'
../src/asian_option.c:9:35: error: unknown type name 'FP_t'
../src/asian_option.c:9:42: error: unknown type name 'FP_t'
../src/asian_option.c:9:49: error: unknown type name 'FP_t'
../src/asian_option.c:9:56: error: unknown type name 'FP_t'
../src/asian_option.c:28:35: error: unknown type name 'FP_t'
../src/asian_option.c:28:46: error: unknown type name 'FP_t'
../src/asian_option.c:35:37: error: unknown type name 'FP_t'
make: *** [src/asian_option.o] Error 1
11:57:16 **** Auto Build of configuration Debug for project vivado_activity_thread_test ****
make all 
Building file: ../src/asian_option.c
Invoking: ARM gcc compiler
arm-xilinx-eabi-gcc -Wall -O0 -g3 -c -fmessage-length=0 -I../../vivado_activity_thread_test_bsp/ps7_cortexa9_0/include -MMD -MP -MF"src/asian_option.d" -MT"src/asian_option.d" -o "src/asian_option.o" "../src/asian_option.c"
In file included from ../src/european_option.h:10:0,
                 from ../src/asian_option.h:9,
                 from ../src/asian_option.c:7:
../src/option.h:15:2: error: unknown type name 'FP_t'
../src/option.h:16:2: error: unknown type name 'FP_t'
../src/option.h:20:2: error: unknown type name 'FP_t'
../src/option.h:21:2: error: unknown type name 'FP_t'
../src/option.h:22:2: error: unknown type name 'FP_t'
../src/option.h:26:29: error: unknown type name 'FP_t'
../src/option.h:26:36: error: unknown type name 'FP_t'
../src/option.h:26:43: error: unknown type name 'FP_t'
../src/option.h:28:29: error: unknown type name 'FP_t'
../src/option.h:28:40: error: unknown type name 'FP_t'
../src/option.h:29:31: error: unknown type name 'FP_t'
In file included from ../src/asian_option.h:9:0,
                 from ../src/asian_option.c:7:
../src/european_option.h:13:2: error: unknown type name 'FP_t'
../src/european_option.h:14:2: error: unknown type name 'FP_t'
../src/european_option.h:19:2: error: unknown type name 'FP_t'
../src/european_option.h:20:2: error: unknown type name 'FP_t'
../src/european_option.h:21:2: error: unknown type name 'FP_t'
../src/european_option.h:26:38: error: unknown type name 'FP_t'
../src/european_option.h:26:45: error: unknown type name 'FP_t'
../src/european_option.h:26:52: error: unknown type name 'FP_t'
../src/european_option.h:28:38: error: unknown type name 'FP_t'
../src/european_option.h:28:49: error: unknown type name 'FP_t'
../src/european_option.h:29:40: error: unknown type name 'FP_t'
../src/asian_option.c: In function 'asian_option_derivative_init':
../src/asian_option.c:10:5: warning: implicit declaration of function 'european_option_derivative_init' [-Wimplicit-function-declaration]
../src/asian_option.c: In function 'asian_option_derivative_path':
../src/asian_option.c:30:5: warning: implicit declaration of function 'european_option_derivative_path' [-Wimplicit-function-declaration]
../src/asian_option.c: In function 'asian_option_derivative_payoff':
../src/asian_option.c:38:5: warning: implicit declaration of function 'european_option_derivative_payoff' [-Wimplicit-function-declaration]
make: *** [src/asian_option.o] Error 1
11:57:35 **** Auto Build of configuration Debug for project vivado_activity_thread_test ****
make all 
Building file: ../src/asian_option.c
Invoking: ARM gcc compiler
arm-xilinx-eabi-gcc -Wall -O0 -g3 -c -fmessage-length=0 -I../../vivado_activity_thread_test_bsp/ps7_cortexa9_0/include -MMD -MP -MF"src/asian_option.d" -MT"src/asian_option.d" -o "src/asian_option.o" "../src/asian_option.c"
In file included from ../src/european_option.h:10:0,
                 from ../src/asian_option.h:9,
                 from ../src/asian_option.c:7:
../src/option.h:15:2: error: unknown type name 'FP_t'
../src/option.h:16:2: error: unknown type name 'FP_t'
../src/option.h:20:2: error: unknown type name 'FP_t'
../src/option.h:21:2: error: unknown type name 'FP_t'
../src/option.h:22:2: error: unknown type name 'FP_t'
../src/option.h:26:29: error: unknown type name 'FP_t'
../src/option.h:26:36: error: unknown type name 'FP_t'
../src/option.h:26:43: error: unknown type name 'FP_t'
../src/option.h:28:29: error: unknown type name 'FP_t'
../src/option.h:28:40: error: unknown type name 'FP_t'
../src/option.h:29:31: error: unknown type name 'FP_t'
make: *** [src/asian_option.o] Error 1
11:58:32 **** Auto Build of configuration Debug for project vivado_activity_thread_test ****
make all 
Building file: ../src/asian_option.c
Invoking: ARM gcc compiler
arm-xilinx-eabi-gcc -Wall -O0 -g3 -c -fmessage-length=0 -I../../vivado_activity_thread_test_bsp/ps7_cortexa9_0/include -MMD -MP -MF"src/asian_option.d" -MT"src/asian_option.d" -o "src/asian_option.o" "../src/asian_option.c"
Finished building: ../src/asian_option.c
 
Building file: ../src/barrier_option.c
Invoking: ARM gcc compiler
arm-xilinx-eabi-gcc -Wall -O0 -g3 -c -fmessage-length=0 -I../../vivado_activity_thread_test_bsp/ps7_cortexa9_0/include -MMD -MP -MF"src/barrier_option.d" -MT"src/barrier_option.d" -o "src/barrier_option.o" "../src/barrier_option.c"
Finished building: ../src/barrier_option.c
 
Building file: ../src/black_scholes_underlying.c
Invoking: ARM gcc compiler
arm-xilinx-eabi-gcc -Wall -O0 -g3 -c -fmessage-length=0 -I../../vivado_activity_thread_test_bsp/ps7_cortexa9_0/include -MMD -MP -MF"src/black_scholes_underlying.d" -MT"src/black_scholes_underlying.d" -o "src/black_scholes_underlying.o" "../src/black_scholes_underlying.c"
In file included from ../src/black_scholes_underlying.c:8:0:
../src/black_scholes_underlying.h:49:1: error: unknown type name 'FP_t'
../src/black_scholes_underlying.h:50:1: error: unknown type name 'FP_t'
../src/black_scholes_underlying.h:51:1: error: unknown type name 'FP_t'
../src/black_scholes_underlying.h:61:1: error: unknown type name 'FP_t'
../src/black_scholes_underlying.h:62:1: error: unknown type name 'FP_t'
../src/black_scholes_underlying.h:63:1: error: unknown type name 'FP_t'
../src/black_scholes_underlying.h:67:47: error: unknown type name 'FP_t'
../src/black_scholes_underlying.h:67:54: error: unknown type name 'FP_t'
../src/black_scholes_underlying.h:67:61: error: unknown type name 'FP_t'
In file included from ../src/black_scholes_underlying.c:8:0:
../src/black_scholes_underlying.h:69:47: error: unknown type name 'FP_t'
../src/black_scholes_underlying.c:10:47: error: unknown type name 'FP_t'
../src/black_scholes_underlying.c:10:54: error: unknown type name 'FP_t'
../src/black_scholes_underlying.c:10:61: error: unknown type name 'FP_t'
../src/black_scholes_underlying.c:37:47: error: unknown type name 'FP_t'
make: *** [src/black_scholes_underlying.o] Error 1
11:58:49 **** Auto Build of configuration Debug for project vivado_activity_thread_test ****
make all 
Building file: ../src/black_scholes_underlying.c
Invoking: ARM gcc compiler
arm-xilinx-eabi-gcc -Wall -O0 -g3 -c -fmessage-length=0 -I../../vivado_activity_thread_test_bsp/ps7_cortexa9_0/include -MMD -MP -MF"src/black_scholes_underlying.d" -MT"src/black_scholes_underlying.d" -o "src/black_scholes_underlying.o" "../src/black_scholes_underlying.c"
In file included from ../src/black_scholes_underlying.c:8:0:
../src/black_scholes_underlying.h:51:1: error: unknown type name 'flaot'
../src/black_scholes_underlying.h:52:1: error: unknown type name 'flaot'
../src/black_scholes_underlying.h:53:1: error: unknown type name 'flaot'
../src/black_scholes_underlying.h:63:1: error: unknown type name 'flaot'
../src/black_scholes_underlying.h:64:1: error: unknown type name 'flaot'
../src/black_scholes_underlying.h:65:1: error: unknown type name 'flaot'
../src/black_scholes_underlying.h:69:47: error: unknown type name 'flaot'
../src/black_scholes_underlying.h:69:54: error: unknown type name 'flaot'
../src/black_scholes_underlying.h:69:61: error: unknown type name 'flaot'
In file included from ../src/black_scholes_underlying.c:8:0:
../src/black_scholes_underlying.h:71:47: error: unknown type name 'flaot'
../src/black_scholes_underlying.c:10:47: error: unknown type name 'flaot'
../src/black_scholes_underlying.c:10:54: error: unknown type name 'flaot'
../src/black_scholes_underlying.c:10:61: error: unknown type name 'flaot'
../src/black_scholes_underlying.c:37:47: error: unknown type name 'flaot'
make: *** [src/black_scholes_underlying.o] Error 1
11:58:52 **** Auto Build of configuration Debug for project vivado_activity_thread_test ****
make all 
Building file: ../src/black_scholes_underlying.c
Invoking: ARM gcc compiler
arm-xilinx-eabi-gcc -Wall -O0 -g3 -c -fmessage-length=0 -I../../vivado_activity_thread_test_bsp/ps7_cortexa9_0/include -MMD -MP -MF"src/black_scholes_underlying.d" -MT"src/black_scholes_underlying.d" -o "src/black_scholes_underlying.o" "../src/black_scholes_underlying.c"
../src/black_scholes_underlying.c: In function 'black_scholes_underlying_underlying_path':
Finished building: ../src/black_scholes_underlying.c
../src/black_scholes_underlying.c:59:2: warning: implicit declaration of function 'native_sqrt' [-Wimplicit-function-declaration]
 
Building file: ../src/digital_double_barrier_option.c
Invoking: ARM gcc compiler
arm-xilinx-eabi-gcc -Wall -O0 -g3 -c -fmessage-length=0 -I../../vivado_activity_thread_test_bsp/ps7_cortexa9_0/include -MMD -MP -MF"src/digital_double_barrier_option.d" -MT"src/digital_double_barrier_option.d" -o "src/digital_double_barrier_option.o" "../src/digital_double_barrier_option.c"
Finished building: ../src/digital_double_barrier_option.c
 
Building file: ../src/double_barrier_option.c
Invoking: ARM gcc compiler
arm-xilinx-eabi-gcc -Wall -O0 -g3 -c -fmessage-length=0 -I../../vivado_activity_thread_test_bsp/ps7_cortexa9_0/include -MMD -MP -MF"src/double_barrier_option.d" -MT"src/double_barrier_option.d" -o "src/double_barrier_option.o" "../src/double_barrier_option.c"
Finished building: ../src/double_barrier_option.c
 
Building file: ../src/european_option.c
Invoking: ARM gcc compiler
arm-xilinx-eabi-gcc -Wall -O0 -g3 -c -fmessage-length=0 -I../../vivado_activity_thread_test_bsp/ps7_cortexa9_0/include -MMD -MP -MF"src/european_option.d" -MT"src/european_option.d" -o "src/european_option.o" "../src/european_option.c"
Finished building: ../src/european_option.c
 
Building file: ../src/gauss.c
Invoking: ARM gcc compiler
arm-xilinx-eabi-gcc -Wall -O0 -g3 -c -fmessage-length=0 -I../../vivado_activity_thread_test_bsp/ps7_cortexa9_0/include -MMD -MP -MF"src/gauss.d" -MT"src/gauss.d" -o "src/gauss.o" "../src/gauss.c"
In file included from ../src/gauss.c:29:0:
../src/gauss.h:184:15: error: unknown type name 'uint32_t'
../src/gauss.h:184:15: error: unknown type name 'uint32_t'
../src/gauss.h:184:15: error: unknown type name 'uint32_t'
../src/gauss.h:184:15: error: unknown type name 'uint32_t'
../src/gauss.h:187:27: error: unknown type name 'uint32_t'
../src/gauss.h:189:1: error: unknown type name 'uint32_t'
../src/gauss.h:191:1: error: unknown type name 'FP_t'
../src/gauss.c:31:27: error: unknown type name 'uint32_t'
../src/gauss.c:41:1: error: unknown type name 'uint32_t'
../src/gauss.c:55:1: error: unknown type name 'FP_t'
make: *** [src/gauss.o] Error 1
11:59:08 **** Auto Build of configuration Debug for project vivado_activity_thread_test ****
make all 
Building file: ../src/gauss.c
Invoking: ARM gcc compiler
arm-xilinx-eabi-gcc -Wall -O0 -g3 -c -fmessage-length=0 -I../../vivado_activity_thread_test_bsp/ps7_cortexa9_0/include -MMD -MP -MF"src/gauss.d" -MT"src/gauss.d" -o "src/gauss.o" "../src/gauss.c"
In file included from ../src/gauss.c:29:0:
../src/gauss.h:186:15: error: unknown type name 'uint32_t'
../src/gauss.h:186:15: error: unknown type name 'uint32_t'
../src/gauss.h:186:15: error: unknown type name 'uint32_t'
../src/gauss.h:186:15: error: unknown type name 'uint32_t'
../src/gauss.h:189:27: error: unknown type name 'uint32_t'
../src/gauss.h:191:1: error: unknown type name 'uint32_t'
../src/gauss.c:31:27: error: unknown type name 'uint32_t'
../src/gauss.c:41:1: error: unknown type name 'uint32_t'
make: *** [src/gauss.o] Error 1
11:59:29 **** Auto Build of configuration Debug for project vivado_activity_thread_test ****
make all 
Building file: ../src/gauss.c
Invoking: ARM gcc compiler
arm-xilinx-eabi-gcc -Wall -O0 -g3 -c -fmessage-length=0 -I../../vivado_activity_thread_test_bsp/ps7_cortexa9_0/include -MMD -MP -MF"src/gauss.d" -MT"src/gauss.d" -o "src/gauss.o" "../src/gauss.c"
In file included from ../src/gauss.c:29:0:
../src/gauss.h:187:15: error: unknown type name 'u32'
../src/gauss.h:187:15: error: unknown type name 'u32'
../src/gauss.h:187:15: error: unknown type name 'u32'
../src/gauss.h:187:15: error: unknown type name 'u32'
../src/gauss.h:190:27: error: unknown type name 'u32'
../src/gauss.h:192:1: error: unknown type name 'u32'
../src/gauss.c:31:27: error: unknown type name 'u32'
../src/gauss.c:41:1: error: unknown type name 'u32'
make: *** [src/gauss.o] Error 1
11:59:34 **** Auto Build of configuration Debug for project vivado_activity_thread_test ****
make all 
Building file: ../src/gauss.c
Invoking: ARM gcc compiler
arm-xilinx-eabi-gcc -Wall -O0 -g3 -c -fmessage-length=0 -I../../vivado_activity_thread_test_bsp/ps7_cortexa9_0/include -MMD -MP -MF"src/gauss.d" -MT"src/gauss.d" -o "src/gauss.o" "../src/gauss.c"
Finished building: ../src/gauss.c
 
Building file: ../src/helloworld.c
Invoking: ARM gcc compiler
arm-xilinx-eabi-gcc -Wall -O0 -g3 -c -fmessage-length=0 -I../../vivado_activity_thread_test_bsp/ps7_cortexa9_0/include -MMD -MP -MF"src/helloworld.d" -MT"src/helloworld.d" -o "src/helloworld.o" "../src/helloworld.c"
../src/helloworld.c:39:122: error: unknown type name 'rng_state_t'
../src/helloworld.c:52:122: error: unknown type name 'rng_state_t'
make: *** [src/helloworld.o] Error 1
11:59:49 **** Auto Build of configuration Debug for project vivado_activity_thread_test ****
make all 
Building file: ../src/helloworld.c
Invoking: ARM gcc compiler
arm-xilinx-eabi-gcc -Wall -O0 -g3 -c -fmessage-length=0 -I../../vivado_activity_thread_test_bsp/ps7_cortexa9_0/include -MMD -MP -MF"src/helloworld.d" -MT"src/helloworld.d" -o "src/helloworld.o" "../src/helloworld.c"
In file included from ../src/helloworld.c:34:0:
../src/vivado_core.h:2:5: error: unknown type name 'FP_t'
../src/vivado_core.h:3:5: error: unknown type name 'FP_t'
../src/vivado_core.h:4:5: error: unknown type name 'FP_t'
../src/vivado_core.h:5:5: error: unknown type name 'FP_t'
../src/vivado_core.h:6:5: error: unknown type name 'FP_t'
../src/vivado_core.h:7:5: error: unknown type name 'FP_t'
../src/vivado_core.h:8:5: error: unknown type name 'FP_t'
../src/vivado_core.h:9:5: error: unknown type name 'FP_t'
../src/vivado_core.h:10:5: error: unknown type name 'FP_t'
../src/vivado_core.h:11:5: error: unknown type name 'FP_t'
../src/vivado_core.h:12:5: error: unknown type name 'FP_t'
../src/vivado_core.h:13:5: error: unknown type name 'FP_t'
../src/vivado_core.h:17:5: error: unknown type name 'FP_t'
../src/vivado_core.h:18:5: error: unknown type name 'FP_t'
../src/vivado_core.h:19:5: error: unknown type name 'FP_t'
../src/vivado_core.h:20:5: error: unknown type name 'FP_t'
../src/vivado_core.h:21:5: error: unknown type name 'FP_t'
../src/vivado_core.h:22:5: error: unknown type name 'FP_t'
../src/vivado_core.h:23:5: error: unknown type name 'FP_t'
../src/vivado_core.h:24:5: error: unknown type name 'FP_t'
../src/helloworld.c: In function 'vivado_activity_thread_hw':
../src/helloworld.c:55:2: error: unknown type name 'XVivado_activity_thread'
../src/helloworld.c:56:13: error: request for member 'Core_io_BaseAddress' in something not a structure or union
../src/helloworld.c:56:36: error: 'VIVADO_CORE_ADDR' undeclared (first use in this function)
../src/helloworld.c:56:36: note: each undeclared identifier is reported only once for each function it appears in
../src/helloworld.c:57:13: error: request for member 'IsReady' in something not a structure or union
../src/helloworld.c:60:5: warning: implicit declaration of function 'XVivado_activity_thread_SetThread_result_0' [-Wimplicit-function-declaration]
../src/helloworld.c:64:2: warning: implicit declaration of function 'XVivado_activity_thread_SetKernel_u_a_0_rfir' [-Wimplicit-function-declaration]
../src/helloworld.c:65:2: warning: implicit declaration of function 'XVivado_activity_thread_SetKernel_u_a_0_current_price' [-Wimplicit-function-declaration]
../src/helloworld.c:66:2: warning: implicit declaration of function 'XVivado_activity_thread_SetKernel_u_a_0_volatility' [-Wimplicit-function-declaration]
../src/helloworld.c:67:2: warning: implicit declaration of function 'XVivado_activity_thread_SetKernel_u_a_0_initial_volatility' [-Wimplicit-function-declaration]
../src/helloworld.c:68:2: warning: implicit declaration of function 'XVivado_activity_thread_SetKernel_u_a_0_volatility_volatility' [-Wimplicit-function-declaration]
../src/helloworld.c:69:2: warning: implicit declaration of function 'XVivado_activity_thread_SetKernel_u_a_0_rho' [-Wimplicit-function-declaration]
../src/helloworld.c:70:2: warning: implicit declaration of function 'XVivado_activity_thread_SetKernel_u_a_0_kappa' [-Wimplicit-function-declaration]
../src/helloworld.c:71:2: warning: implicit declaration of function 'XVivado_activity_thread_SetKernel_u_a_0_theta' [-Wimplicit-function-declaration]
../src/helloworld.c:72:2: warning: implicit declaration of function 'XVivado_activity_thread_SetKernel_u_a_0_correlation_matrix_0_0' [-Wimplicit-function-declaration]
../src/helloworld.c:73:2: warning: implicit declaration of function 'XVivado_activity_thread_SetKernel_u_a_0_correlation_matrix_0_1' [-Wimplicit-function-declaration]
../src/helloworld.c:74:2: warning: implicit declaration of function 'XVivado_activity_thread_SetKernel_u_a_0_correlation_matrix_1_0' [-Wimplicit-function-declaration]
../src/helloworld.c:75:2: warning: implicit declaration of function 'XVivado_activity_thread_SetKernel_u_a_0_correlation_matrix_1_1' [-Wimplicit-function-declaration]
../src/helloworld.c:78:2: warning: implicit declaration of function 'XVivado_activity_thread_SetKernel_o_a_0_second_barrier' [-Wimplicit-function-declaration]
../src/helloworld.c:79:2: warning: implicit declaration of function 'XVivado_activity_thread_SetKernel_o_a_0_barrier' [-Wimplicit-function-declaration]
../src/helloworld.c:80:2: warning: implicit declaration of function 'XVivado_activity_thread_SetKernel_o_a_0_out' [-Wimplicit-function-declaration]
../src/helloworld.c:81:2: warning: implicit declaration of function 'XVivado_activity_thread_SetKernel_o_a_0_down' [-Wimplicit-function-declaration]
../src/helloworld.c:82:2: warning: implicit declaration of function 'XVivado_activity_thread_SetKernel_o_a_0_strike_price' [-Wimplicit-function-declaration]
../src/helloworld.c:83:2: warning: implicit declaration of function 'XVivado_activity_thread_SetKernel_o_a_0_time_period' [-Wimplicit-function-declaration]
../src/helloworld.c:84:2: warning: implicit declaration of function 'XVivado_activity_thread_SetKernel_o_a_0_call' [-Wimplicit-function-declaration]
../src/helloworld.c:85:2: warning: implicit declaration of function 'XVivado_activity_thread_SetKernel_o_a_0_points' [-Wimplicit-function-declaration]
../src/helloworld.c:88:2: warning: implicit declaration of function 'XVivado_activity_thread_SetSeed_0_s1' [-Wimplicit-function-declaration]
../src/helloworld.c:89:2: warning: implicit declaration of function 'XVivado_activity_thread_SetSeed_0_s2' [-Wimplicit-function-declaration]
../src/helloworld.c:90:2: warning: implicit declaration of function 'XVivado_activity_thread_SetSeed_0_s3' [-Wimplicit-function-declaration]
../src/helloworld.c:91:2: warning: implicit declaration of function 'XVivado_activity_thread_SetSeed_0_offset' [-Wimplicit-function-declaration]
../src/helloworld.c:93:2: warning: implicit declaration of function 'XVivado_activity_thread_Start' [-Wimplicit-function-declaration]
../src/helloworld.c:94:2: warning: implicit declaration of function 'XVivado_activity_thread_IsDone' [-Wimplicit-function-declaration]
make: *** [src/helloworld.o] Error 1
12:00:10 **** Auto Build of configuration Debug for project vivado_activity_thread_test ****
make all 
Building file: ../src/helloworld.c
Invoking: ARM gcc compiler
arm-xilinx-eabi-gcc -Wall -O0 -g3 -c -fmessage-length=0 -I../../vivado_activity_thread_test_bsp/ps7_cortexa9_0/include -MMD -MP -MF"src/helloworld.d" -MT"src/helloworld.d" -o "src/helloworld.o" "../src/helloworld.c"
../src/helloworld.c: In function 'vivado_activity_thread_hw':
../src/helloworld.c:55:2: error: unknown type name 'XVivado_activity_thread'
../src/helloworld.c:56:13: error: request for member 'Core_io_BaseAddress' in something not a structure or union
../src/helloworld.c:56:36: error: 'VIVADO_CORE_ADDR' undeclared (first use in this function)
../src/helloworld.c:56:36: note: each undeclared identifier is reported only once for each function it appears in
../src/helloworld.c:57:13: error: request for member 'IsReady' in something not a structure or union
../src/helloworld.c:60:5: warning: implicit declaration of function 'XVivado_activity_thread_SetThread_result_0' [-Wimplicit-function-declaration]
../src/helloworld.c:64:2: warning: implicit declaration of function 'XVivado_activity_thread_SetKernel_u_a_0_rfir' [-Wimplicit-function-declaration]
../src/helloworld.c:65:2: warning: implicit declaration of function 'XVivado_activity_thread_SetKernel_u_a_0_current_price' [-Wimplicit-function-declaration]
../src/helloworld.c:66:2: warning: implicit declaration of function 'XVivado_activity_thread_SetKernel_u_a_0_volatility' [-Wimplicit-function-declaration]
../src/helloworld.c:67:2: warning: implicit declaration of function 'XVivado_activity_thread_SetKernel_u_a_0_initial_volatility' [-Wimplicit-function-declaration]
../src/helloworld.c:68:2: warning: implicit declaration of function 'XVivado_activity_thread_SetKernel_u_a_0_volatility_volatility' [-Wimplicit-function-declaration]
../src/helloworld.c:69:2: warning: implicit declaration of function 'XVivado_activity_thread_SetKernel_u_a_0_rho' [-Wimplicit-function-declaration]
../src/helloworld.c:70:2: warning: implicit declaration of function 'XVivado_activity_thread_SetKernel_u_a_0_kappa' [-Wimplicit-function-declaration]
../src/helloworld.c:71:2: warning: implicit declaration of function 'XVivado_activity_thread_SetKernel_u_a_0_theta' [-Wimplicit-function-declaration]
../src/helloworld.c:72:2: warning: implicit declaration of function 'XVivado_activity_thread_SetKernel_u_a_0_correlation_matrix_0_0' [-Wimplicit-function-declaration]
../src/helloworld.c:73:2: warning: implicit declaration of function 'XVivado_activity_thread_SetKernel_u_a_0_correlation_matrix_0_1' [-Wimplicit-function-declaration]
../src/helloworld.c:74:2: warning: implicit declaration of function 'XVivado_activity_thread_SetKernel_u_a_0_correlation_matrix_1_0' [-Wimplicit-function-declaration]
../src/helloworld.c:75:2: warning: implicit declaration of function 'XVivado_activity_thread_SetKernel_u_a_0_correlation_matrix_1_1' [-Wimplicit-function-declaration]
../src/helloworld.c:78:2: warning: implicit declaration of function 'XVivado_activity_thread_SetKernel_o_a_0_second_barrier' [-Wimplicit-function-declaration]
../src/helloworld.c:79:2: warning: implicit declaration of function 'XVivado_activity_thread_SetKernel_o_a_0_barrier' [-Wimplicit-function-declaration]
../src/helloworld.c:80:2: warning: implicit declaration of function 'XVivado_activity_thread_SetKernel_o_a_0_out' [-Wimplicit-function-declaration]
../src/helloworld.c:81:2: warning: implicit declaration of function 'XVivado_activity_thread_SetKernel_o_a_0_down' [-Wimplicit-function-declaration]
../src/helloworld.c:82:2: warning: implicit declaration of function 'XVivado_activity_thread_SetKernel_o_a_0_strike_price' [-Wimplicit-function-declaration]
../src/helloworld.c:83:2: warning: implicit declaration of function 'XVivado_activity_thread_SetKernel_o_a_0_time_period' [-Wimplicit-function-declaration]
../src/helloworld.c:84:2: warning: implicit declaration of function 'XVivado_activity_thread_SetKernel_o_a_0_call' [-Wimplicit-function-declaration]
../src/helloworld.c:85:2: warning: implicit declaration of function 'XVivado_activity_thread_SetKernel_o_a_0_points' [-Wimplicit-function-declaration]
../src/helloworld.c:88:2: warning: implicit declaration of function 'XVivado_activity_thread_SetSeed_0_s1' [-Wimplicit-function-declaration]
../src/helloworld.c:89:2: warning: implicit declaration of function 'XVivado_activity_thread_SetSeed_0_s2' [-Wimplicit-function-declaration]
../src/helloworld.c:90:2: warning: implicit declaration of function 'XVivado_activity_thread_SetSeed_0_s3' [-Wimplicit-function-declaration]
../src/helloworld.c:91:2: warning: implicit declaration of function 'XVivado_activity_thread_SetSeed_0_offset' [-Wimplicit-function-declaration]
../src/helloworld.c:93:2: warning: implicit declaration of function 'XVivado_activity_thread_Start' [-Wimplicit-function-declaration]
../src/helloworld.c:94:2: warning: implicit declaration of function 'XVivado_activity_thread_IsDone' [-Wimplicit-function-declaration]
make: *** [src/helloworld.o] Error 1
12:00:46 **** Auto Build of configuration Debug for project vivado_activity_thread_test ****
make all 
Building file: ../src/helloworld.c
Invoking: ARM gcc compiler
arm-xilinx-eabi-gcc -Wall -O0 -g3 -c -fmessage-length=0 -I../../vivado_activity_thread_test_bsp/ps7_cortexa9_0/include -MMD -MP -MF"src/helloworld.d" -MT"src/helloworld.d" -o "src/helloworld.o" "../src/helloworld.c"
../src/helloworld.c: In function 'vivado_activity_thread_hw':
../src/helloworld.c:57:36: error: 'VIVADO_CORE_ADDR' undeclared (first use in this function)
../src/helloworld.c:57:36: note: each undeclared identifier is reported only once for each function it appears in
make: *** [src/helloworld.o] Error 1
12:09:03 **** Auto Build of configuration Debug for project vivado_activity_thread_test ****
make all 
Building file: ../src/helloworld.c
Invoking: ARM gcc compiler
arm-xilinx-eabi-gcc -Wall -O0 -g3 -c -fmessage-length=0 -I../../vivado_activity_thread_test_bsp/ps7_cortexa9_0/include -MMD -MP -MF"src/helloworld.d" -MT"src/helloworld.d" -o "src/helloworld.o" "../src/helloworld.c"
../src/helloworld.c: In function 'vivado_activity_thread_hw':
../src/helloworld.c:59:52: error: expected expression before ';' token
make: *** [src/helloworld.o] Error 1
12:09:45 **** Auto Build of configuration Debug for project vivado_activity_thread_test ****
make all 
Building file: ../src/helloworld.c
Invoking: ARM gcc compiler
arm-xilinx-eabi-gcc -Wall -O0 -g3 -c -fmessage-length=0 -I../../vivado_activity_thread_test_bsp/ps7_cortexa9_0/include -MMD -MP -MF"src/helloworld.d" -MT"src/helloworld.d" -o "src/helloworld.o" "../src/helloworld.c"
Finished building: ../src/helloworld.c
 
Building file: ../src/heston_underlying.c
Invoking: ARM gcc compiler
arm-xilinx-eabi-gcc -Wall -O0 -g3 -c -fmessage-length=0 -I../../vivado_activity_thread_test_bsp/ps7_cortexa9_0/include -MMD -MP -MF"src/heston_underlying.d" -MT"src/heston_underlying.d" -o "src/heston_underlying.o" "../src/heston_underlying.c"
In file included from ../src/heston_underlying.c:7:0:
../src/heston_underlying.h:47:1: error: unknown type name 'FP_t'
../src/heston_underlying.h:48:1: error: unknown type name 'FP_t'
../src/heston_underlying.h:49:1: error: unknown type name 'FP_t'
../src/heston_underlying.h:50:1: error: unknown type name 'FP_t'
../src/heston_underlying.h:51:1: error: unknown type name 'FP_t'
../src/heston_underlying.h:52:1: error: unknown type name 'FP_t'
../src/heston_underlying.h:53:1: error: unknown type name 'FP_t'
../src/heston_underlying.h:54:1: error: unknown type name 'FP_t'
../src/heston_underlying.h:55:1: error: unknown type name 'FP_t'
../src/heston_underlying.h:56:1: error: unknown type name 'FP_t'
../src/heston_underlying.h:57:1: error: unknown type name 'FP_t'
../src/heston_underlying.h:58:1: error: unknown type name 'FP_t'
../src/heston_underlying.h:68:1: error: unknown type name 'FP_t'
../src/heston_underlying.h:69:1: error: unknown type name 'FP_t'
../src/heston_underlying.h:70:1: error: unknown type name 'FP_t'
../src/heston_underlying.h:71:1: error: unknown type name 'FP_t'
../src/heston_underlying.h:72:1: error: unknown type name 'FP_t'
../src/heston_underlying.h:73:1: error: unknown type name 'FP_t'
../src/heston_underlying.h:74:1: error: unknown type name 'FP_t'
../src/heston_underlying.h:75:1: error: unknown type name 'FP_t'
../src/heston_underlying.h:76:1: error: unknown type name 'FP_t'
../src/heston_underlying.h:77:1: error: unknown type name 'FP_t'
../src/heston_underlying.h:78:1: error: unknown type name 'FP_t'
../src/heston_underlying.h:81:40: error: unknown type name 'FP_t'
../src/heston_underlying.h:81:47: error: unknown type name 'FP_t'
../src/heston_underlying.h:81:54: error: unknown type name 'FP_t'
../src/heston_underlying.h:81:63: error: unknown type name 'FP_t'
../src/heston_underlying.h:81:72: error: unknown type name 'FP_t'
../src/heston_underlying.h:81:80: error: unknown type name 'FP_t'
../src/heston_underlying.h:81:87: error: unknown type name 'FP_t'
../src/heston_underlying.h:81:94: error: unknown type name 'FP_t'
../src/heston_underlying.h:81:106: error: unknown type name 'FP_t'
../src/heston_underlying.h:81:118: error: unknown type name 'FP_t'
In file included from ../src/heston_underlying.c:7:0:
../src/heston_underlying.h:81:130: error: unknown type name 'FP_t'
../src/heston_underlying.h:83:40: error: unknown type name 'FP_t'
../src/heston_underlying.c:10:40: error: unknown type name 'FP_t'
../src/heston_underlying.c:10:47: error: unknown type name 'FP_t'
../src/heston_underlying.c:10:54: error: unknown type name 'FP_t'
../src/heston_underlying.c:10:63: error: unknown type name 'FP_t'
../src/heston_underlying.c:10:72: error: unknown type name 'FP_t'
../src/heston_underlying.c:10:80: error: unknown type name 'FP_t'
../src/heston_underlying.c:10:87: error: unknown type name 'FP_t'
../src/heston_underlying.c:10:94: error: unknown type name 'FP_t'
../src/heston_underlying.c:10:106: error: unknown type name 'FP_t'
../src/heston_underlying.c:10:118: error: unknown type name 'FP_t'
../src/heston_underlying.c:10:130: error: unknown type name 'FP_t'
../src/heston_underlying.c: In function 'heston_underlying_underlying_path_init':
../src/heston_underlying.c:28:2: warning: implicit declaration of function 'sqrt' [-Wimplicit-function-declaration]
../src/heston_underlying.c:28:20: warning: incompatible implicit declaration of built-in function 'sqrt' [enabled by default]
../src/heston_underlying.c: At top level:
../src/heston_underlying.c:46:40: error: unknown type name 'FP_t'
make: *** [src/heston_underlying.o] Error 1
12:10:24 **** Auto Build of configuration Debug for project vivado_activity_thread_test ****
make all 
Building file: ../src/heston_underlying.c
Invoking: ARM gcc compiler
arm-xilinx-eabi-gcc -Wall -O0 -g3 -c -fmessage-length=0 -I../../vivado_activity_thread_test_bsp/ps7_cortexa9_0/include -MMD -MP -MF"src/heston_underlying.d" -MT"src/heston_underlying.d" -o "src/heston_underlying.o" "../src/heston_underlying.c"
../src/heston_underlying.c: In function 'heston_underlying_underlying_path_init':
../src/heston_underlying.c:28:2: warning: implicit declaration of function 'sqrt' [-Wimplicit-function-declaration]
../src/heston_underlying.c:28:20: warning: incompatible implicit declaration of built-in function 'sqrt' [enabled by default]
Finished building: ../src/heston_underlying.c
../src/heston_underlying.c: In function 'heston_underlying_underlying_path':
 
../src/heston_underlying.c:81:2: warning: implicit declaration of function 'native_exp' [-Wimplicit-function-declaration]
Building file: ../src/option.c
../src/heston_underlying.c:90:25: warning: incompatible implicit declaration of built-in function 'sqrt' [enabled by default]
Invoking: ARM gcc compiler
../src/heston_underlying.c:92:2: warning: implicit declaration of function 'native_sqrt' [-Wimplicit-function-declaration]
arm-xilinx-eabi-gcc -Wall -O0 -g3 -c -fmessage-length=0 -I../../vivado_activity_thread_test_bsp/ps7_cortexa9_0/include -MMD -MP -MF"src/option.d" -MT"src/option.d" -o "src/option.o" "../src/option.c"
Finished building: ../src/option.c
 
Building file: ../src/platform.c
Invoking: ARM gcc compiler
arm-xilinx-eabi-gcc -Wall -O0 -g3 -c -fmessage-length=0 -I../../vivado_activity_thread_test_bsp/ps7_cortexa9_0/include -MMD -MP -MF"src/platform.d" -MT"src/platform.d" -o "src/platform.o" "../src/platform.c"
Finished building: ../src/platform.c
 
Building file: ../src/shane_messing.c
Invoking: ARM gcc compiler
arm-xilinx-eabi-gcc -Wall -O0 -g3 -c -fmessage-length=0 -I../../vivado_activity_thread_test_bsp/ps7_cortexa9_0/include -MMD -MP -MF"src/shane_messing.d" -MT"src/shane_messing.d" -o "src/shane_messing.o" "../src/shane_messing.c"
../src/shane_messing.c:53:3: warning: "/*" within comment [-Wcomment]
../src/shane_messing.c:61:3: warning: "/*" within comment [-Wcomment]
../src/shane_messing.c:64:3: warning: "/*" within comment [-Wcomment]
../src/shane_messing.c:70:4: warning: "/*" within comment [-Wcomment]
../src/shane_messing.c:77:5: warning: "/*" within comment [-Wcomment]
../src/shane_messing.c:86:5: warning: "/*" within comment [-Wcomment]
../src/shane_messing.c:91:5: warning: "/*" within comment [-Wcomment]
../src/shane_messing.c:98:5: warning: "/*" within comment [-Wcomment]
../src/shane_messing.c:104:4: warning: "/*" within comment [-Wcomment]
../src/shane_messing.c:110:3: warning: "/*" within comment [-Wcomment]
../src/shane_messing.c: In function 'opencl_montecarlo_activity_thread':
../src/shane_messing.c:117:0: warning: ignoring #pragma HLS RESOURCE [-Wunknown-pragmas]
../src/shane_messing.c:118:0: warning: ignoring #pragma HLS RESOURCE [-Wunknown-pragmas]
Finished building: ../src/shane_messing.c
../src/shane_messing.c:120:0: warning: ignoring #pragma HLS INTERFACE [-Wunknown-pragmas]
 
../src/shane_messing.c:140:0: warning: ignoring #pragma AP PIPELINE [-Wunknown-pragmas]
Building file: ../src/underlying.c
Invoking: ARM gcc compiler
../src/shane_messing.c:144:0: warning: ignoring #pragma HLS unroll [-Wunknown-pragmas]
arm-xilinx-eabi-gcc -Wall -O0 -g3 -c -fmessage-length=0 -I../../vivado_activity_thread_test_bsp/ps7_cortexa9_0/include -MMD -MP -MF"src/underlying.d" -MT"src/underlying.d" -o "src/underlying.o" "../src/underlying.c"
../src/shane_messing.c:189:0: warning: ignoring #pragma HLS unroll [-Wunknown-pragmas]
../src/shane_messing.c:187:2: warning: label 'result_loop' defined but not used [-Wunused-label]
../src/shane_messing.c:142:3: warning: label 'inner_loop' defined but not used [-Wunused-label]
../src/shane_messing.c:134:2: warning: label 'outer_loop' defined but not used [-Wunused-label]
../src/shane_messing.c: At top level:
../src/shane_messing.c:203:3: warning: "/*" within comment [-Wcomment]
../src/shane_messing.c:206:3: warning: "/*" within comment [-Wcomment]
../src/shane_messing.c:208:3: warning: "/*" within comment [-Wcomment]
../src/shane_messing.c:213:3: warning: "/*" within comment [-Wcomment]
../src/shane_messing.c:217:3: warning: "/*" within comment [-Wcomment]
../src/shane_messing.c:222:3: warning: "/*" within comment [-Wcomment]
../src/shane_messing.c:225:3: warning: "/*" within comment [-Wcomment]
../src/shane_messing.c:248:3: warning: "/*" within comment [-Wcomment]
../src/shane_messing.c:249:2: warning: "/*" within comment [-Wcomment]
../src/shane_messing.c:275:3: warning: "/*" within comment [-Wcomment]
../src/shane_messing.c:286:3: warning: "/*" within comment [-Wcomment]
In file included from ../src/underlying.c:10:0:
../src/underlying.h:15:1: error: unknown type name 'FP_t'
../src/underlying.h:16:1: error: unknown type name 'FP_t'
../src/underlying.h:20:1: error: unknown type name 'FP_t'
../src/underlying.h:21:1: error: unknown type name 'FP_t'
../src/underlying.h:24:33: error: unknown type name 'FP_t'
../src/underlying.h:24:40: error: unknown type name 'FP_t'
../src/underlying.h:26:33: error: unknown type name 'FP_t'
../src/underlying.c:12:33: error: unknown type name 'FP_t'
../src/underlying.c:12:40: error: unknown type name 'FP_t'
../src/underlying.c:22:33: error: unknown type name 'FP_t'
make: *** [src/underlying.o] Error 1
12:10:40 **** Auto Build of configuration Debug for project vivado_activity_thread_test ****
make all 
Building file: ../src/underlying.c
Invoking: ARM gcc compiler
arm-xilinx-eabi-gcc -Wall -O0 -g3 -c -fmessage-length=0 -I../../vivado_activity_thread_test_bsp/ps7_cortexa9_0/include -MMD -MP -MF"src/underlying.d" -MT"src/underlying.d" -o "src/underlying.o" "../src/underlying.c"
Finished building: ../src/underlying.c
 
Building file: ../src/vivado_core.c
Invoking: ARM gcc compiler
arm-xilinx-eabi-gcc -Wall -O0 -g3 -c -fmessage-length=0 -I../../vivado_activity_thread_test_bsp/ps7_cortexa9_0/include -MMD -MP -MF"src/vivado_core.d" -MT"src/vivado_core.d" -o "src/vivado_core.o" "../src/vivado_core.c"
In file included from ../src/vivado_core.c:14:0:
../src/gauss.h:51:21: fatal error: ap_cint.h: No such file or directory
compilation terminated.
make: *** [src/vivado_core.o] Error 1
12:10:54 **** Auto Build of configuration Debug for project vivado_activity_thread_test ****
make all 
Building file: ../src/vivado_core.c
Invoking: ARM gcc compiler
arm-xilinx-eabi-gcc -Wall -O0 -g3 -c -fmessage-length=0 -I../../vivado_activity_thread_test_bsp/ps7_cortexa9_0/include -MMD -MP -MF"src/vivado_core.d" -MT"src/vivado_core.d" -o "src/vivado_core.o" "../src/vivado_core.c"
../src/vivado_core.c: In function 'vivado_activity_thread':
../src/vivado_core.c:54:0: warning: ignoring #pragma HLS INTERFACE [-Wunknown-pragmas]
../src/vivado_core.c:55:0: warning: ignoring #pragma HLS RESOURCE [-Wunknown-pragmas]
../src/vivado_core.c:57:0: warning: ignoring #pragma HLS RESOURCE [-Wunknown-pragmas]
../src/vivado_core.c:58:0: warning: ignoring #pragma HLS RESOURCE [-Wunknown-pragmas]
../src/vivado_core.c:59:0: warning: ignoring #pragma HLS RESOURCE [-Wunknown-pragmas]
../src/vivado_core.c:60:0: warning: ignoring #pragma HLS RESOURCE [-Wunknown-pragmas]
../src/vivado_core.c:61:0: warning: ignoring #pragma HLS RESOURCE [-Wunknown-pragmas]
../src/vivado_core.c:97:3: warning: label 'PATH_LOOP' defined but not used [-Wunused-label]
../src/vivado_core.c:87:2: warning: label 'PATHSET_LOOP' defined but not used [-Wunused-label]
Finished building: ../src/vivado_core.c
../src/vivado_core.c:85:7: warning: unused variable 'result_sqrd_0' [-Wunused-variable]
 
../src/vivado_core.c:84:7: warning: unused variable 'result_0' [-Wunused-variable]
Building file: ../src/xvivado_activity_thread.c
../src/vivado_core.c: In function 'multicore_montecarlo_activity_thread':
Invoking: ARM gcc compiler
../src/vivado_core.c:146:14: warning: unused variable 'seed_0' [-Wunused-variable]
arm-xilinx-eabi-gcc -Wall -O0 -g3 -c -fmessage-length=0 -I../../vivado_activity_thread_test_bsp/ps7_cortexa9_0/include -MMD -MP -MF"src/xvivado_activity_thread.d" -MT"src/xvivado_activity_thread.d" -o "src/xvivado_activity_thread.o" "../src/xvivado_activity_thread.c"
../src/vivado_core.c:134:33: warning: variable 'kernel_o_a_0' set but not used [-Wunused-but-set-variable]
../src/vivado_core.c:133:33: warning: variable 'kernel_u_a_0' set but not used [-Wunused-but-set-variable]
../src/vivado_core.c:125:19: warning: variable 'o_v_0' set but not used [-Wunused-but-set-variable]
../src/vivado_core.c:123:23: warning: unused variable 'u_v_0' [-Wunused-variable]
../src/vivado_core.c:121:15: warning: unused variable 'rng_seed' [-Wunused-variable]
../src/vivado_core.c: At top level:
../src/vivado_core.c:164:3: warning: "/*" within comment [-Wcomment]
../src/vivado_core.c:167:3: warning: "/*" within comment [-Wcomment]
../src/vivado_core.c:169:3: warning: "/*" within comment [-Wcomment]
../src/vivado_core.c:177:3: warning: "/*" within comment [-Wcomment]
../src/vivado_core.c:181:3: warning: "/*" within comment [-Wcomment]
../src/vivado_core.c:186:3: warning: "/*" within comment [-Wcomment]
../src/vivado_core.c:189:3: warning: "/*" within comment [-Wcomment]
../src/vivado_core.c:201:3: warning: "/*" within comment [-Wcomment]
../src/vivado_core.c:213:3: warning: "/*" within comment [-Wcomment]
../src/vivado_core.c:223:3: warning: "/*" within comment [-Wcomment]
../src/vivado_core.c:234:3: warning: "/*" within comment [-Wcomment]
../src/vivado_core.c:28:12: warning: 'paths' defined but not used [-Wunused-variable]
../src/vivado_core.c:30:12: warning: 'path_points' defined but not used [-Wunused-variable]
../src/vivado_core.c:31:12: warning: 'threads' defined but not used [-Wunused-variable]
../src/vivado_core.c:32:12: warning: 'instance_paths' defined but not used [-Wunused-variable]
../src/vivado_core.c:33:12: warning: 'rng_seed' defined but not used [-Wunused-variable]
[...]
make all 
make: Nothing to be done for `all'.
11:07:15 **** Incremental Build of configuration Debug for project vivado_activity_thread_test ****
make all 
make: Nothing to be done for `all'.
11:07:26 **** Auto Build of configuration Debug for project vivado_activity_thread_test ****
make all 
Building file: ../src/vivado_core.c
Invoking: ARM gcc compiler
arm-xilinx-eabi-gcc -Wall -O0 -g3 -c -fmessage-length=0 -I../../vivado_activity_thread_test_bsp/ps7_cortexa9_0/include -MMD -MP -MF"src/vivado_core.d" -MT"src/vivado_core.d" -o "src/vivado_core.o" "../src/vivado_core.c"
../src/vivado_core.c: In function 'vivado_activity_thread':
../src/vivado_core.c:58:0: warning: ignoring #pragma HLS INTERFACE [-Wunknown-pragmas]
../src/vivado_core.c:59:0: warning: ignoring #pragma HLS RESOURCE [-Wunknown-pragmas]
../src/vivado_core.c:61:0: warning: ignoring #pragma HLS RESOURCE [-Wunknown-pragmas]
../src/vivado_core.c:62:0: warning: ignoring #pragma HLS RESOURCE [-Wunknown-pragmas]
../src/vivado_core.c:63:0: warning: ignoring #pragma HLS RESOURCE [-Wunknown-pragmas]
../src/vivado_core.c:64:0: warning: ignoring #pragma HLS RESOURCE [-Wunknown-pragmas]
../src/vivado_core.c:65:0: warning: ignoring #pragma HLS RESOURCE [-Wunknown-pragmas]
../src/vivado_core.c:101:3: warning: label 'PATH_LOOP' defined but not used [-Wunused-label]
../src/vivado_core.c:91:2: warning: label 'PATHSET_LOOP' defined but not used [-Wunused-label]
../src/vivado_core.c:89:7: warning: unused variable 'result_sqrd_0' [-Wunused-variable]
../src/vivado_core.c:88:7: warning: unused variable 'result_0' [-Wunused-variable]
../src/vivado_core.c: In function 'multicore_montecarlo_activity_thread':
../src/vivado_core.c:160:3: warning: passing argument 4 of 'vivado_activity_thread_hw' makes integer from pointer without a cast [enabled by default]
../src/vivado_core.c:53:6: note: expected 'unsigned int' but argument is of type 'float (*)[1000]'
../src/vivado_core.c:146:15: warning: unused variable 'chunks' [-Wunused-variable]
../src/vivado_core.c:129:19: warning: variable 'o_v_0' set but not used [-Wunused-but-set-variable]
../src/vivado_core.c:127:23: warning: unused variable 'u_v_0' [-Wunused-variable]
../src/vivado_core.c:125:15: warning: unused variable 'rng_seed' [-Wunused-variable]
Finished building: ../src/vivado_core.c
../src/vivado_core.c: In function 'vivado_activity_thread_hw':
 
../src/vivado_core.c:188:5: warning: format '%X' expects argument of type 'unsigned int', but argument 2 has type 'u32' [-Wformat]
Building target: vivado_activity_thread_test.elf
Invoking: ARM gcc linker
arm-xilinx-eabi-gcc -Wl,-T -Wl,../src/lscript.ld -L../../vivado_activity_thread_test_bsp/ps7_cortexa9_0/lib -o "vivado_activity_thread_test.elf"  ./src/gauss.o ./src/helloworld.o ./src/option.o ./src/platform.o ./src/underlying.o ./src/vivado_core.o ./src/xvivado_activity_thread.o ./src/xvivado_activity_thread_linux.o   -lm -Wl,--start-group,-lxil,-lgcc,-lc,--end-group
../src/vivado_core.c:188:5: warning: format '%X' expects argument of type 'unsigned int', but argument 2 has type 'u32' [-Wformat]
Finished building target: vivado_activity_thread_test.elf
../src/vivado_core.c:240:2: warning: format '%d' expects argument of type 'int', but argument 2 has type 'uint32_t' [-Wformat]
 
../src/vivado_core.c:240:2: warning: format '%d' expects argument of type 'int', but argument 2 has type 'uint32_t' [-Wformat]
Invoking: ARM Print Size
../src/vivado_core.c:242:2: warning: format '%d' expects argument of type 'int', but argument 2 has type 'uint32_t' [-Wformat]
arm-xilinx-eabi-size vivado_activity_thread_test.elf  |tee "vivado_activity_thread_test.elf.size"
../src/vivado_core.c:242:2: warning: format '%d' expects argument of type 'int', but argument 2 has type 'uint32_t' [-Wformat]
   text	   data	    bss	    dec	    hex	filename
../src/vivado_core.c:244:2: warning: format '%d' expects argument of type 'int', but argument 2 has type 'uint32_t' [-Wformat]
  87564	   2272	  29980	 119816	  1d408	vivado_activity_thread_test.elf
../src/vivado_core.c:244:2: warning: format '%d' expects argument of type 'int', but argument 2 has type 'uint32_t' [-Wformat]
Finished building: vivado_activity_thread_test.elf.size
../src/vivado_core.c:246:2: warning: format '%d' expects argument of type 'int', but argument 2 has type 'uint32_t' [-Wformat]
 
../src/vivado_core.c:246:2: warning: format '%d' expects argument of type 'int', but argument 2 has type 'uint32_t' [-Wformat]
../src/vivado_core.c: In function 'main':
../src/vivado_core.c:263:5: warning: implicit declaration of function 'init_platform' [-Wimplicit-function-declaration]
../src/vivado_core.c:271:2: warning: this decimal constant is unsigned only in ISO C90 [enabled by default]
../src/vivado_core.c:312:8: warning: unused variable 'status' [-Wunused-variable]
../src/vivado_core.c: In function 'multicore_montecarlo_activity_thread':
../src/vivado_core.c:173:2: warning: control reaches end of non-void function [-Wreturn-type]
11:07:34 **** Incremental Build of configuration Debug for project vivado_activity_thread_test ****
make all 
make: Nothing to be done for `all'.
11:11:24 **** Auto Build of configuration Debug for project vivado_activity_thread_test ****
make all 
Building file: ../src/vivado_core.c
Invoking: ARM gcc compiler
arm-xilinx-eabi-gcc -Wall -O0 -g3 -c -fmessage-length=0 -I../../vivado_activity_thread_test_bsp/ps7_cortexa9_0/include -MMD -MP -MF"src/vivado_core.d" -MT"src/vivado_core.d" -o "src/vivado_core.o" "../src/vivado_core.c"
../src/vivado_core.c: In function 'vivado_activity_thread':
../src/vivado_core.c:58:0: warning: ignoring #pragma HLS INTERFACE [-Wunknown-pragmas]
../src/vivado_core.c:59:0: warning: ignoring #pragma HLS RESOURCE [-Wunknown-pragmas]
../src/vivado_core.c:61:0: warning: ignoring #pragma HLS RESOURCE [-Wunknown-pragmas]
../src/vivado_core.c:62:0: warning: ignoring #pragma HLS RESOURCE [-Wunknown-pragmas]
../src/vivado_core.c:63:0: warning: ignoring #pragma HLS RESOURCE [-Wunknown-pragmas]
../src/vivado_core.c:64:0: warning: ignoring #pragma HLS RESOURCE [-Wunknown-pragmas]
../src/vivado_core.c:65:0: warning: ignoring #pragma HLS RESOURCE [-Wunknown-pragmas]
../src/vivado_core.c:101:3: warning: label 'PATH_LOOP' defined but not used [-Wunused-label]
../src/vivado_core.c:91:2: warning: label 'PATHSET_LOOP' defined but not used [-Wunused-label]
../src/vivado_core.c:89:7: warning: unused variable 'result_sqrd_0' [-Wunused-variable]
../src/vivado_core.c:88:7: warning: unused variable 'result_0' [-Wunused-variable]
../src/vivado_core.c: In function 'multicore_montecarlo_activity_thread':
../src/vivado_core.c:160:3: warning: passing argument 4 of 'vivado_activity_thread_hw' makes integer from pointer without a cast [enabled by default]
../src/vivado_core.c:53:6: note: expected 'unsigned int' but argument is of type 'float (*)[1000]'
../src/vivado_core.c:146:15: warning: unused variable 'chunks' [-Wunused-variable]
../src/vivado_core.c:129:19: warning: variable 'o_v_0' set but not used [-Wunused-but-set-variable]
../src/vivado_core.c:127:23: warning: unused variable 'u_v_0' [-Wunused-variable]
Finished building: ../src/vivado_core.c
 
Building target: vivado_activity_thread_test.elf
Invoking: ARM gcc linker
../src/vivado_core.c:125:15: warning: unused variable 'rng_seed' [-Wunused-variable]
arm-xilinx-eabi-gcc -Wl,-T -Wl,../src/lscript.ld -L../../vivado_activity_thread_test_bsp/ps7_cortexa9_0/lib -o "vivado_activity_thread_test.elf"  ./src/gauss.o ./src/helloworld.o ./src/option.o ./src/platform.o ./src/underlying.o ./src/vivado_core.o ./src/xvivado_activity_thread.o ./src/xvivado_activity_thread_linux.o   -lm -Wl,--start-group,-lxil,-lgcc,-lc,--end-group
../src/vivado_core.c: In function 'vivado_activity_thread_hw':
../src/vivado_core.c:188:5: warning: format '%X' expects argument of type 'unsigned int', but argument 2 has type 'u32' [-Wformat]
Finished building target: vivado_activity_thread_test.elf
 
../src/vivado_core.c:188:5: warning: format '%X' expects argument of type 'unsigned int', but argument 2 has type 'u32' [-Wformat]
../src/vivado_core.c:240:2: warning: format '%d' expects argument of type 'int', but argument 2 has type 'uint32_t' [-Wformat]
../src/vivado_core.c:240:2: warning: format '%d' expects argument of type 'int', but argument 2 has type 'uint32_t' [-Wformat]
../src/vivado_core.c:242:2: warning: format '%d' expects argument of type 'int', but argument 2 has type 'uint32_t' [-Wformat]
Invoking: ARM Print Size
../src/vivado_core.c:242:2: warning: format '%d' expects argument of type 'int', but argument 2 has type 'uint32_t' [-Wformat]
../src/vivado_core.c:244:2: warning: format '%d' expects argument of type 'int', but argument 2 has type 'uint32_t' [-Wformat]
../src/vivado_core.c:244:2: warning: format '%d' expects argument of type 'int', but argument 2 has type 'uint32_t' [-Wformat]
../src/vivado_core.c:246:2: warning: format '%d' expects argument of type 'int', but argument 2 has type 'uint32_t' [-Wformat]
../src/vivado_core.c:246:2: warning: format '%d' expects argument of type 'int', but argument 2 has type 'uint32_t' [-Wformat]
arm-xilinx-eabi-size vivado_activity_thread_test.elf  |tee "vivado_activity_thread_test.elf.size"
   text	   data	    bss	    dec	    hex	filename
  87652	   2272	  29980	 119904	  1d460	vivado_activity_thread_test.elf
Finished building: vivado_activity_thread_test.elf.size
 
../src/vivado_core.c: In function 'main':
../src/vivado_core.c:263:5: warning: implicit declaration of function 'init_platform' [-Wimplicit-function-declaration]
../src/vivado_core.c:271:2: warning: this decimal constant is unsigned only in ISO C90 [enabled by default]
../src/vivado_core.c:312:8: warning: unused variable 'status' [-Wunused-variable]
../src/vivado_core.c: In function 'multicore_montecarlo_activity_thread':
../src/vivado_core.c:173:2: warning: control reaches end of non-void function [-Wreturn-type]
11:11:49 **** Incremental Build of configuration Debug for project vivado_activity_thread_test ****
make all 
make: Nothing to be done for `all'.
11:12:54 **** Auto Build of configuration Debug for project vivado_activity_thread_test ****
make all 
Building file: ../src/vivado_core.c
Invoking: ARM gcc compiler
arm-xilinx-eabi-gcc -Wall -O0 -g3 -c -fmessage-length=0 -I../../vivado_activity_thread_test_bsp/ps7_cortexa9_0/include -MMD -MP -MF"src/vivado_core.d" -MT"src/vivado_core.d" -o "src/vivado_core.o" "../src/vivado_core.c"
../src/vivado_core.c: In function 'vivado_activity_thread':
../src/vivado_core.c:58:0: warning: ignoring #pragma HLS INTERFACE [-Wunknown-pragmas]
../src/vivado_core.c:59:0: warning: ignoring #pragma HLS RESOURCE [-Wunknown-pragmas]
../src/vivado_core.c:61:0: warning: ignoring #pragma HLS RESOURCE [-Wunknown-pragmas]
../src/vivado_core.c:62:0: warning: ignoring #pragma HLS RESOURCE [-Wunknown-pragmas]
../src/vivado_core.c:63:0: warning: ignoring #pragma HLS RESOURCE [-Wunknown-pragmas]
../src/vivado_core.c:64:0: warning: ignoring #pragma HLS RESOURCE [-Wunknown-pragmas]
../src/vivado_core.c:65:0: warning: ignoring #pragma HLS RESOURCE [-Wunknown-pragmas]
../src/vivado_core.c:101:3: warning: label 'PATH_LOOP' defined but not used [-Wunused-label]
../src/vivado_core.c:91:2: warning: label 'PATHSET_LOOP' defined but not used [-Wunused-label]
../src/vivado_core.c:89:7: warning: unused variable 'result_sqrd_0' [-Wunused-variable]
../src/vivado_core.c:88:7: warning: unused variable 'result_0' [-Wunused-variable]
../src/vivado_core.c: In function 'multicore_montecarlo_activity_thread':
../src/vivado_core.c:160:3: warning: passing argument 4 of 'vivado_activity_thread_hw' makes integer from pointer without a cast [enabled by default]
../src/vivado_core.c:53:6: note: expected 'unsigned int' but argument is of type 'float (*)[1000]'
../src/vivado_core.c:146:15: warning: unused variable 'chunks' [-Wunused-variable]
../src/vivado_core.c:129:19: warning: variable 'o_v_0' set but not used [-Wunused-but-set-variable]
../src/vivado_core.c:127:23: warning: unused variable 'u_v_0' [-Wunused-variable]
../src/vivado_core.c:125:15: warning: unused variable 'rng_seed' [-Wunused-variable]
../src/vivado_core.c: In function 'vivado_activity_thread_hw':
../src/vivado_core.c:188:5: warning: format '%X' expects argument of type 'unsigned int', but argument 2 has type 'u32' [-Wformat]
Finished building: ../src/vivado_core.c
../src/vivado_core.c:188:5: warning: format '%X' expects argument of type 'unsigned int', but argument 2 has type 'u32' [-Wformat]
../src/vivado_core.c:240:2: warning: format '%d' expects argument of type 'int', but argument 2 has type 'uint32_t' [-Wformat]
../src/vivado_core.c:240:2: warning: format '%d' expects argument of type 'int', but argument 2 has type 'uint32_t' [-Wformat]
 
../src/vivado_core.c:242:2: warning: format '%d' expects argument of type 'int', but argument 2 has type 'uint32_t' [-Wformat]
Building target: vivado_activity_thread_test.elf
../src/vivado_core.c:242:2: warning: format '%d' expects argument of type 'int', but argument 2 has type 'uint32_t' [-Wformat]
Invoking: ARM gcc linker
arm-xilinx-eabi-gcc -Wl,-T -Wl,../src/lscript.ld -L../../vivado_activity_thread_test_bsp/ps7_cortexa9_0/lib -o "vivado_activity_thread_test.elf"  ./src/gauss.o ./src/helloworld.o ./src/option.o ./src/platform.o ./src/underlying.o ./src/vivado_core.o ./src/xvivado_activity_thread.o ./src/xvivado_activity_thread_linux.o   -lm -Wl,--start-group,-lxil,-lgcc,-lc,--end-group
../src/vivado_core.c:244:2: warning: format '%d' expects argument of type 'int', but argument 2 has type 'uint32_t' [-Wformat]
Finished building target: vivado_activity_thread_test.elf
 
Invoking: ARM Print Size
arm-xilinx-eabi-size vivado_activity_thread_test.elf  |tee "vivado_activity_thread_test.elf.size"
   text	   data	    bss	    dec	    hex	filename
  87652	   2272	  29980	 119904	  1d460	vivado_activity_thread_test.elf
Finished building: vivado_activity_thread_test.elf.size
 
../src/vivado_core.c:244:2: warning: format '%d' expects argument of type 'int', but argument 2 has type 'uint32_t' [-Wformat]
../src/vivado_core.c:246:2: warning: format '%d' expects argument of type 'int', but argument 2 has type 'uint32_t' [-Wformat]
../src/vivado_core.c:246:2: warning: format '%d' expects argument of type 'int', but argument 2 has type 'uint32_t' [-Wformat]
../src/vivado_core.c: In function 'main':
../src/vivado_core.c:263:5: warning: implicit declaration of function 'init_platform' [-Wimplicit-function-declaration]
../src/vivado_core.c:271:2: warning: this decimal constant is unsigned only in ISO C90 [enabled by default]
../src/vivado_core.c:312:8: warning: unused variable 'status' [-Wunused-variable]
../src/vivado_core.c: In function 'multicore_montecarlo_activity_thread':
../src/vivado_core.c:173:2: warning: control reaches end of non-void function [-Wreturn-type]
11:12:58 **** Incremental Build of configuration Debug for project vivado_activity_thread_test ****
make all 
make: Nothing to be done for `all'.
11:14:27 **** Auto Build of configuration Debug for project vivado_activity_thread_test ****
make all 
Building file: ../src/vivado_core.c
Invoking: ARM gcc compiler
arm-xilinx-eabi-gcc -Wall -O0 -g3 -c -fmessage-length=0 -I../../vivado_activity_thread_test_bsp/ps7_cortexa9_0/include -MMD -MP -MF"src/vivado_core.d" -MT"src/vivado_core.d" -o "src/vivado_core.o" "../src/vivado_core.c"
../src/vivado_core.c: In function 'vivado_activity_thread':
../src/vivado_core.c:58:0: warning: ignoring #pragma HLS INTERFACE [-Wunknown-pragmas]
../src/vivado_core.c:59:0: warning: ignoring #pragma HLS RESOURCE [-Wunknown-pragmas]
../src/vivado_core.c:61:0: warning: ignoring #pragma HLS RESOURCE [-Wunknown-pragmas]
../src/vivado_core.c:62:0: warning: ignoring #pragma HLS RESOURCE [-Wunknown-pragmas]
../src/vivado_core.c:63:0: warning: ignoring #pragma HLS RESOURCE [-Wunknown-pragmas]
../src/vivado_core.c:64:0: warning: ignoring #pragma HLS RESOURCE [-Wunknown-pragmas]
../src/vivado_core.c:65:0: warning: ignoring #pragma HLS RESOURCE [-Wunknown-pragmas]
../src/vivado_core.c:101:3: warning: label 'PATH_LOOP' defined but not used [-Wunused-label]
../src/vivado_core.c:91:2: warning: label 'PATHSET_LOOP' defined but not used [-Wunused-label]
../src/vivado_core.c:89:7: warning: unused variable 'result_sqrd_0' [-Wunused-variable]
../src/vivado_core.c:88:7: warning: unused variable 'result_0' [-Wunused-variable]
../src/vivado_core.c: In function 'multicore_montecarlo_activity_thread':
../src/vivado_core.c:160:3: warning: passing argument 4 of 'vivado_activity_thread_hw' makes integer from pointer without a cast [enabled by default]
../src/vivado_core.c:53:6: note: expected 'unsigned int' but argument is of type 'float (*)[1000]'
../src/vivado_core.c:146:15: warning: unused variable 'chunks' [-Wunused-variable]
../src/vivado_core.c:129:19: warning: variable 'o_v_0' set but not used [-Wunused-but-set-variable]
../src/vivado_core.c:127:23: warning: unused variable 'u_v_0' [-Wunused-variable]
../src/vivado_core.c:125:15: warning: unused variable 'rng_seed' [-Wunused-variable]
Finished building: ../src/vivado_core.c
../src/vivado_core.c: In function 'vivado_activity_thread_hw':
 
../src/vivado_core.c:188:5: warning: format '%X' expects argument of type 'unsigned int', but argument 2 has type 'u32' [-Wformat]
Building target: vivado_activity_thread_test.elf
Invoking: ARM gcc linker
arm-xilinx-eabi-gcc -Wl,-T -Wl,../src/lscript.ld -L../../vivado_activity_thread_test_bsp/ps7_cortexa9_0/lib -o "vivado_activity_thread_test.elf"  ./src/gauss.o ./src/helloworld.o ./src/option.o ./src/platform.o ./src/underlying.o ./src/vivado_core.o ./src/xvivado_activity_thread.o ./src/xvivado_activity_thread_linux.o   -lm -Wl,--start-group,-lxil,-lgcc,-lc,--end-group
../src/vivado_core.c:188:5: warning: format '%X' expects argument of type 'unsigned int', but argument 2 has type 'u32' [-Wformat]
../src/vivado_core.c:240:2: warning: format '%d' expects argument of type 'int', but argument 2 has type 'uint32_t' [-Wformat]
../src/vivado_core.c:240:2: warning: format '%d' expects argument of type 'int', but argument 2 has type 'uint32_t' [-Wformat]
../src/vivado_core.c:242:2: warning: format '%d' expects argument of type 'int', but argument 2 has type 'uint32_t' [-Wformat]
../src/vivado_core.c:242:2: warning: format '%d' expects argument of type 'int', but argument 2 has type 'uint32_t' [-Wformat]
Finished building target: vivado_activity_thread_test.elf
 
../src/vivado_core.c:244:2: warning: format '%d' expects argument of type 'int', but argument 2 has type 'uint32_t' [-Wformat]
../src/vivado_core.c:244:2: warning: format '%d' expects argument of type 'int', but argument 2 has type 'uint32_t' [-Wformat]
../src/vivado_core.c:246:2: warning: format '%d' expects argument of type 'int', but argument 2 has type 'uint32_t' [-Wformat]
../src/vivado_core.c:246:2: warning: format '%d' expects argument of type 'int', but argument 2 has type 'uint32_t' [-Wformat]
../src/vivado_core.c: In function 'main':
../src/vivado_core.c:263:5: warning: implicit declaration of function 'init_platform' [-Wimplicit-function-declaration]
../src/vivado_core.c:271:2: warning: this decimal constant is unsigned only in ISO C90 [enabled by default]
../src/vivado_core.c:312:8: warning: unused variable 'status' [-Wunused-variable]
Invoking: ARM Print Size
arm-xilinx-eabi-size vivado_activity_thread_test.elf  |tee "vivado_activity_thread_test.elf.size"
../src/vivado_core.c: In function 'multicore_montecarlo_activity_thread':
../src/vivado_core.c:173:2: warning: control reaches end of non-void function [-Wreturn-type]
   text	   data	    bss	    dec	    hex	filename
  87652	   2272	  29980	 119904	  1d460	vivado_activity_thread_test.elf
Finished building: vivado_activity_thread_test.elf.size
 
11:14:32 **** Incremental Build of configuration Debug for project vivado_activity_thread_test ****
make all 
make: Nothing to be done for `all'.
